[backblue.gif]
[fade.gif]
[index.html]
[www.ironman3.com.au/sites/default/files/favicon.png]
[www.ironman3.com.au/rss.xml]
[www.ironman3.com.au/apple-touch-icon-144x144-precomposed.png]
[www.ironman3.com.au/apple-touch-icon-114x114-precomposed.png]
[www.ironman3.com.au/apple-touch-icon-72x72-precomposed.png]
[www.ironman3.com.au/apple-touch-icon-precomposed.png]
[platform.twitter.com/widgets.js]
[html5shiv.googlecode.com/svn/trunk/html5.js]
[connect.facebook.net/en_GB/all.js]
[www.ironman3.com.au/sites/all/themes/ironmansat/img/backgrounds/mob-ptab-header.png]
[www.ironman3.com.au/sites/all/themes/ironmansat/img/logos/Marvel-Logo.png]
[www.ironman3.com.au/sites/all/themes/ironmansat/img/misc/in-cinemas-classification.jpg]
[www.ironman3.com.au/sites/all/themes/ironmansat/img/logos/studios.png]
[www.ironman3.com.au/sites/all/themes/ironmansat/img/misc/vip-coin-red.png]
[www.ironman3.com.au/sites/default/modules/custom/im3codes/css/img/packshot.png]
[www.ironman3.com.au/sites/default/modules/custom/im3codes/css/img/header-mob.png]
[www.ironman3.com.au/sites/default/modules/custom/im3codes/css/img/im3code_prize.png]
[www.ironman3.com.au/sites/default/modules/custom/im3codes/css/img/code_hint_1.png]
[www.ironman3.com.au/sites/default/modules/custom/im3codes/css/img/code_hint_2.png]
[www.ironman3.com.au/sites/default/modules/custom/im3codes/css/img/code_hint_3.png]
[www.ironman3.com.au/sites/all/themes/ironmansat/img/backgrounds/downloads-panel.png]
[www.ironman3.com.au/sites/default/files/character_images/cast_downey.png]
[www.ironman3.com.au/sites/default/files/character_images/cast_paltrow.png]
[www.ironman3.com.au/sites/default/files/character_images/cast_cheadle_0.png]
[www.ironman3.com.au/sites/default/files/character_images/cast_pearce.png]
[www.ironman3.com.au/sites/default/files/character_images/cast_kingsley_0.png]
[www.ironman3.com.au/sites/default/files/cinema_logos/sanity.png]
[www.ironman3.com.au/sites/default/files/cinema_logos/bigW.png]
[www.ironman3.com.au/sites/default/files/cinema_logos/jbhifi.png]
[www.ironman3.com.au/sites/default/files/cinema_logos/ezyDVD.png]
[www.ironman3.com.au/sites/default/files/cinema_logos/apple-download_0.png]
[www.ironman3.com.au/sites/default/files/cinema_logos/Target_GetMorePayLess-Hori-logo.png]
[www.ironman3.com.au/sites/default/files/cinema_logos/ezyflix2.png]
[www.ironman3.com.au/sites/all/themes/ironmansat/img/backgrounds/social.png]
[assets.pinterest.com/images/pidgets/pin_it_button.png]
[www.ironman3.com.au/sites/default/files/gallery_images/gallery-1.png]
[www.ironman3.com.au/sites/default/files/wallpapers/wallpapers-s_1.png]
[www.ironman3.com.au/download/wallpapers-s_1.jpg]
[www.ironman3.com.au/download/wallpapers-w_1.jpg]
[www.ironman3.com.au/sites/default/files/wallpapers/wallpapers-s_2.png]
[www.ironman3.com.au/download/wallpapers-s_2.jpg]
[www.ironman3.com.au/download/wallpapers-w_2.jpg]
[www.ironman3.com.au/sites/default/files/wallpapers/wallpapers-s_3.png]
[www.ironman3.com.au/download/wallpapers-s_3.jpg]
[www.ironman3.com.au/download/wallpapers-w_3.jpg]
[www.ironman3.com.au/sites/default/files/wallpapers/wallpapers-s_4.png]
[www.ironman3.com.au/download/wallpapers-s_4.jpg]
[www.ironman3.com.au/download/wallpapers-w_4.jpg]
[www.ironman3.com.au/sites/default/files/wallpapers/wallpapers-s_5.png]
[www.ironman3.com.au/download/wallpapers-s_5.jpg]
[www.ironman3.com.au/download/wallpapers-w_5.jpg]
[www.ironman3.com.au/sites/default/files/wallpapers/wallpapers-s_6.png]
[www.ironman3.com.au/download/wallpapers-s_6.jpg]
[www.ironman3.com.au/download/wallpapers-w_6.jpg]
[www.ironman3.com.au/sites/default/files/wallpapers/facebook_1.png]
[www.ironman3.com.au/download/facebook_1.jpg]
[www.ironman3.com.au/sites/default/files/wallpapers/facebook_2.png]
[www.ironman3.com.au/download/facebook_2.jpg]
[www.ironman3.com.au/sites/default/files/wallpapers/facebook_3.png]
[www.ironman3.com.au/download/facebook_3.jpg]
[www.ironman3.com.au/sites/default/files/wallpapers/facebook_4.png]
[www.ironman3.com.au/download/facebook_4.jpg]
[www.ironman3.com.au/sites/default/files/wallpapers/facebook_5.png]
[www.ironman3.com.au/download/facebook_5.jpg]
[www.ironman3.com.au/sites/default/files/wallpapers/facebook_6.png]
[www.ironman3.com.au/download/facebook_6.jpg]
[www.ironman3.com.au/sites/default/files/wallpapers/ipad-wallpapers_1.png]
[www.ironman3.com.au/download/ipad-wallpapers_1.jpg]
[www.ironman3.com.au/sites/default/files/wallpapers/ipad-wallpapers_2.png]
[www.ironman3.com.au/download/ipad-wallpapers_2.jpg]
[www.ironman3.com.au/sites/default/files/wallpapers/ipad-wallpapers_3.png]
[www.ironman3.com.au/download/ipad-wallpapers_3.jpg]
[www.ironman3.com.au/sites/default/files/wallpapers/ipad-wallpapers_4.png]
[www.ironman3.com.au/download/ipad-wallpapers_4.jpg]
[www.ironman3.com.au/sites/default/files/wallpapers/ipad-wallpapers_5.png]
[www.ironman3.com.au/download/ipad-wallpapers_5.jpg]
[www.ironman3.com.au/sites/default/files/wallpapers/ipad-wallpapers_6.png]
[www.ironman3.com.au/download/ipad-wallpapers_6.jpg]
[www.ironman3.com.au/sites/default/files/wallpapers/iphone-wallpapers_5.png]
[www.ironman3.com.au/download/iphone-wallpapers_5.jpg]
[www.ironman3.com.au/sites/default/files/wallpapers/iphone-wallpapers_6.png]
[www.ironman3.com.au/download/iphone-wallpapers_6.jpg]
[www.ironman3.com.au/sites/default/files/wallpapers/iphone-wallpapers_1.png]
[www.ironman3.com.au/download/iphone-wallpapers_1.jpg]
[www.ironman3.com.au/sites/default/files/wallpapers/iphone-wallpapers_2.png]
[www.ironman3.com.au/download/iphone-wallpapers_2.jpg]
[www.ironman3.com.au/sites/default/files/wallpapers/iphone-wallpapers_3.png]
[www.ironman3.com.au/download/iphone-wallpapers_3.jpg]
[www.ironman3.com.au/sites/default/files/wallpapers/iphone-wallpapers_4.png]
[www.ironman3.com.au/download/iphone-wallpapers_4.jpg]
[assets.pinterest.com/js/pinit.js]
[www.ironman3.com.au/index.html]
[www.ironman3.com.au/sites/all/modules/contrib/date/date_api/date44e7.css]
[www.ironman3.com.au/sites/all/modules/contrib/date/date_popup/themes/datepicker.1.744e7.css]
[www.ironman3.com.au/sites/all/modules/disney/dimg_drupal_hd/css/drupal-hd44e7.css]
[www.ironman3.com.au/sites/all/modules/disney/dimg_forced_timestamp/css/dimg_forced_timestamp44e7.css]
[www.ironman3.com.au/sites/default/modules/custom/im3codes/third_party/fancybox/fancybox_sprite.png]
[www.ironman3.com.au/sites/default/modules/custom/im3codes/third_party/fancybox/fancybox_loading.gif]
[www.ironman3.com.au/sites/default/modules/custom/im3codes/third_party/fancybox/blank.gif]
[www.ironman3.com.au/sites/default/modules/custom/im3codes/third_party/fancybox/fancybox_overlay.png]
[www.ironman3.com.au/sites/default/modules/custom/im3codes/third_party/fancybox/jquery.fancybox44e7.css]
[www.ironman3.com.au/sites/default/modules/custom/im3codes/third_party/tipsy/tipsy44e7.css]
[www.ironman3.com.au/sites/default/modules/custom/im3codes/css/img/textures/texture-overlay-cinema.png]
[www.ironman3.com.au/sites/default/modules/custom/im3codes/css/img/backgrounds/cinema-sprite.png]
[www.ironman3.com.au/sites/default/modules/custom/im3codes/css/img/flyout-login.png]
[www.ironman3.com.au/sites/default/modules/custom/im3codes/css/img/bg_hints.gif]
[www.ironman3.com.au/sites/default/modules/custom/im3codes/css/img/bg_panel.png]
[www.ironman3.com.au/sites/default/modules/custom/im3codes/css/img/btn_enter.png]
[www.ironman3.com.au/sites/default/modules/custom/im3codes/css/img/btn_closed.png]
[www.ironman3.com.au/sites/default/modules/custom/im3codes/css/img/ajax-loader.gif]
[www.ironman3.com.au/sites/default/modules/custom/im3codes/css/img/ajax-loader-white.gif]
[www.ironman3.com.au/sites/default/modules/custom/im3codes/css/img/bg_mob_panel.jpg]
[www.ironman3.com.au/sites/default/modules/custom/im3codes/css/im3codes44e7.css]
[www.ironman3.com.au/sites/all/modules/disney/ers/css/ers44e7.css]
[www.ironman3.com.au/sites/all/modules/contrib/views/css/views44e7.css]
[www.ironman3.com.au/sites/all/modules/contrib/ctools/images/status-active.gif]
[www.ironman3.com.au/sites/all/modules/contrib/ctools/css/ctools44e7.css]
[www.ironman3.com.au/sites/all/modules/contrib/kaltura/images/transBG.png]
[www.ironman3.com.au/sites/all/modules/contrib/kaltura/images/ok.png]
[www.ironman3.com.au/sites/all/modules/contrib/kaltura/images/no.png]
[www.ironman3.com.au/sites/all/modules/contrib/kaltura/images/kentry_bg.png]
[www.ironman3.com.au/sites/all/modules/contrib/kaltura/images/close_up.png]
[www.ironman3.com.au/sites/all/modules/contrib/kaltura/images/close_over.png]
[www.ironman3.com.au/sites/all/modules/contrib/kaltura/images/add_icon.gif]
[www.ironman3.com.au/sites/all/modules/contrib/kaltura/images/delete_icon.gif]
[www.ironman3.com.au/sites/all/modules/contrib/kaltura/style/kaltura44e7.css]
[www.ironman3.com.au/sites/all/modules/contrib/ctools/images/arrow-active.png]
[www.ironman3.com.au/sites/all/modules/contrib/ctools/images/expanded-options.png]
[www.ironman3.com.au/sites/all/modules/contrib/ctools/css/modal44e7.css]
[www.ironman3.com.au/sites/all/themes/ironmansat/js/jquery-1.7.2.minfe21.js]
[www.ironman3.com.au/sites/all/modules/disney/dimg_forced_timestamp/js/dimg_forced_timestamp44e7.js]
[www.ironman3.com.au/sites/all/modules/contrib/kaltura/js/kaltura44e7.js]
[www.ironman3.com.au/sites/all/modules/contrib/kaltura/js/kaltura.behaviors44e7.js]
[www.ironman3.com.au/sites/all/modules/contrib/ctools/js/modal44e7.js]
[www.ironman3.com.au/sites/all/themes/ironmansat/js/jquery-ui-1.10.1.custom.min44e7.js]
[www.ironman3.com.au/sites/all/themes/ironmansat/js/formvalidations/jquery.validationEngine44e7.js]
[www.ironman3.com.au/sites/all/themes/ironmansat/js/formvalidations/languages/jquery.validationEngine-en44e7.js]
[www.ironman3.com.au/sites/all/themes/ironmansat/js/jquery.easing.1.344e7.js]
[www.ironman3.com.au/sites/all/themes/ironmansat/js/jquery.mousewheel44e7.js]
[www.ironman3.com.au/sites/all/themes/ironmansat/js/jquery.jscrollpane.min44e7.js]
[www.ironman3.com.au/sites/all/themes/ironmansat/js/jquery.cycle.lite44e7.js]
[www.ironman3.com.au/sites/all/themes/ironmansat/js/jquery.address44e7.js]
[www.ironman3.com.au/sites/all/themes/ironmansat/js/tracker44e7.js]
[www.ironman3.com.au/sites/all/themes/ironmansat/js/events44e7.js]
[www.ironman3.com.au/sites/all/themes/ironmansat/js/main44e7.js]
[www.ironman3.com.au/sites/all/themes/ironmansat/js/jquery.validate44e7.js]
[www.ironman3.com.au/sites/all/themes/ironmansat/js/jquery.cookie44e7.js]
[www.ironman3.com.au/sites/default/modules/custom/im3codes/third_party/fancybox/jquery.fancybox.pack44e7.js]
[www.ironman3.com.au/sites/default/modules/custom/im3codes/third_party/tipsy/jquery.tipsy44e7.js]
[www.ironman3.com.au/sites/default/modules/custom/im3codes/js/vendor/jquery.placeholder.min44e7.js]
[www.ironman3.com.au/sites/default/modules/custom/im3codes/js/im3codes44e7.js]
[www.ironman3.com.au/sites/all/themes/ironmansat/css/normalize.min.css]
[www.ironman3.com.au/sites/all/themes/ironmansat/css/jquery.jscrollpane.css]
[www.ironman3.com.au/sites/all/themes/ironmansat/css/images/ui-bg_inset-soft_25_000000_1x100.png]
[www.ironman3.com.au/sites/all/themes/ironmansat/css/images/ui-bg_gloss-wave_25_333333_500x100.png]
[www.ironman3.com.au/sites/all/themes/ironmansat/css/images/ui-bg_glass_20_555555_1x400.png]
[www.ironman3.com.au/sites/all/themes/ironmansat/css/images/ui-bg_glass_40_0078a3_1x400.png]
[www.ironman3.com.au/sites/all/themes/ironmansat/css/images/ui-bg_inset-soft_30_f58400_1x100.png]
[www.ironman3.com.au/sites/all/themes/ironmansat/css/images/ui-bg_highlight-soft_80_eeeeee_1x100.png]
[www.ironman3.com.au/sites/all/themes/ironmansat/css/images/ui-bg_glass_40_ffc73d_1x400.png]
[www.ironman3.com.au/sites/all/themes/ironmansat/css/images/ui-icons_cccccc_256x240.png]
[www.ironman3.com.au/sites/all/themes/ironmansat/css/images/ui-icons_ffffff_256x240.png]
[www.ironman3.com.au/sites/all/themes/ironmansat/css/images/ui-icons_222222_256x240.png]
[www.ironman3.com.au/sites/all/themes/ironmansat/css/images/ui-icons_4b8e0b_256x240.png]
[www.ironman3.com.au/sites/all/themes/ironmansat/css/images/ui-icons_a83300_256x240.png]
[www.ironman3.com.au/sites/all/themes/ironmansat/css/images/ui-bg_flat_50_5c5c5c_40x100.png]
[www.ironman3.com.au/sites/all/themes/ironmansat/css/images/ui-bg_flat_30_cccccc_40x100.png]
[www.ironman3.com.au/sites/all/themes/ironmansat/css/jquery.ui.custom.css]
[www.ironman3.com.au/sites/all/themes/ironmansat/css/webfonts/25E958_1_0.eot]
[www.ironman3.com.au/sites/all/themes/ironmansat/css/webfonts/25E958_1_0.woff]
[www.ironman3.com.au/sites/all/themes/ironmansat/css/webfonts/25E958_1_0d41d.eot]
[www.ironman3.com.au/sites/all/themes/ironmansat/css/webfonts/25E958_1_0.ttf]
[www.ironman3.com.au/sites/all/themes/ironmansat/css/webfonts/25E958_0_0.eot]
[www.ironman3.com.au/sites/all/themes/ironmansat/css/webfonts/25E958_0_0.woff]
[www.ironman3.com.au/sites/all/themes/ironmansat/css/webfonts/25E958_0_0d41d.eot]
[www.ironman3.com.au/sites/all/themes/ironmansat/css/webfonts/25E958_0_0.ttf]
[www.ironman3.com.au/sites/all/themes/ironmansat/css/webfonts/25E958_2_0.eot]
[www.ironman3.com.au/sites/all/themes/ironmansat/css/webfonts/25E958_2_0.woff]
[www.ironman3.com.au/sites/all/themes/ironmansat/css/webfonts/25E958_2_0d41d.eot]
[www.ironman3.com.au/sites/all/themes/ironmansat/css/webfonts/25E958_2_0.ttf]
[www.ironman3.com.au/sites/all/themes/ironmansat/img/backgrounds/body-bg.jpg]
[www.ironman3.com.au/sites/all/themes/ironmansat/img/backgrounds/overlay-50.png]
[www.ironman3.com.au/sites/all/themes/ironmansat/img/backgrounds/nav.png]
[www.ironman3.com.au/sites/all/themes/ironmansat/img/backgrounds/nav-selected.png]
[www.ironman3.com.au/sites/all/themes/ironmansat/img/backgrounds/nav-anchor.png]
[www.ironman3.com.au/sites/all/themes/ironmansat/img/backgrounds/register.jpg]
[www.ironman3.com.au/sites/all/themes/ironmansat/img/backgrounds/login.jpg]
[www.ironman3.com.au/sites/all/themes/ironmansat/img/backgrounds/flyout.png]
[www.ironman3.com.au/sites/all/themes/ironmansat/img/buttons/close-flyout.png]
[www.ironman3.com.au/sites/all/themes/ironmansat/img/buttons/flyout-register.png]
[www.ironman3.com.au/sites/all/themes/ironmansat/img/misc/flyout-heading-bg.png]
[www.ironman3.com.au/sites/all/themes/ironmansat/img/buttons/ts-and-cs.png]
[www.ironman3.com.au/sites/all/themes/ironmansat/img/buttons/privacy.png]
[www.ironman3.com.au/sites/all/themes/ironmansat/img/backgrounds/legal-line.png]
[www.ironman3.com.au/sites/all/themes/ironmansat/img/buttons/btn-dark.png]
[www.ironman3.com.au/sites/all/themes/ironmansat/img/backgrounds/suitup-stats-panel.png]
[www.ironman3.com.au/sites/all/themes/ironmansat/img/icons/ironman.png]
[www.ironman3.com.au/sites/all/themes/ironmansat/img/icons/medal.png]
[www.ironman3.com.au/sites/all/themes/ironmansat/img/buttons/keep-playing.png]
[www.ironman3.com.au/sites/all/themes/ironmansat/img/hero-images/hero-0.jpg]
[www.ironman3.com.au/sites/all/themes/ironmansat/img/hero-images/hero-1.jpg]
[www.ironman3.com.au/sites/all/themes/ironmansat/img/hero-images/hero-2.jpg]
[www.ironman3.com.au/sites/all/themes/ironmansat/img/hero-images/hero-3.jpg]
[www.ironman3.com.au/sites/all/themes/ironmansat/img/textures/texture-overlay-story.png]
[www.ironman3.com.au/sites/all/themes/ironmansat/img/textures/texture-overlay-hero1.png]
[www.ironman3.com.au/sites/all/themes/ironmansat/img/textures/texture-overlay-watch.png]
[www.ironman3.com.au/sites/all/themes/ironmansat/img/textures/texture-overlay-cinema.png]
[www.ironman3.com.au/sites/all/themes/ironmansat/img/textures/texture-overlay-hero2.png]
[www.ironman3.com.au/sites/all/themes/ironmansat/img/textures/texture-overlay-social.png]
[www.ironman3.com.au/sites/all/themes/ironmansat/img/textures/texture-overlay-gallery.png]
[www.ironman3.com.au/sites/all/themes/ironmansat/img/textures/texture-overlay-hero3.png]
[www.ironman3.com.au/sites/all/themes/ironmansat/img/textures/texture-overlay-downloads.png]
[www.ironman3.com.au/sites/all/themes/ironmansat/img/backgrounds/final-adspace.jpg]
[www.ironman3.com.au/sites/all/themes/ironmansat/img/misc/select-arrow.png]
[www.ironman3.com.au/sites/all/themes/ironmansat/img/buttons/flyout-login.png]
[www.ironman3.com.au/sites/all/themes/ironmansat/img/buttons/flyout-submit.png]
[www.ironman3.com.au/sites/all/themes/ironmansat/img/misc/arrows.png]
[www.ironman3.com.au/sites/all/themes/ironmansat/img/buttons/set-reminder.png]
[www.ironman3.com.au/sites/all/themes/ironmansat/img/buttons/watch-trailer.png]
[www.ironman3.com.au/sites/all/themes/ironmansat/img/buttons/close.png]
[www.ironman3.com.au/sites/all/themes/ironmansat/img/buttons/submit.png]
[www.ironman3.com.au/sites/all/themes/ironmansat/img/backgrounds/suitup.png]
[www.ironman3.com.au/sites/all/themes/ironmansat/img/headings/suit-up-win.png]
[www.ironman3.com.au/sites/all/themes/ironmansat/img/buttons/coming-soon.png]
[www.ironman3.com.au/sites/all/themes/ironmansat/img/buttons/play-now.png]
[www.ironman3.com.au/sites/all/themes/ironmansat/img/misc/quote-line.png]
[www.ironman3.com.au/sites/all/themes/ironmansat/img/backgrounds/storycast-sprite.png]
[www.ironman3.com.au/sites/all/themes/ironmansat/img/backgrounds/cast-item.png]
[www.ironman3.com.au/sites/all/themes/ironmansat/img/misc/video-frame.png]
[www.ironman3.com.au/sites/all/themes/ironmansat/img/misc/playlist-frame-sprite.png]
[www.ironman3.com.au/sites/all/themes/ironmansat/img/backgrounds/cinema-sprite.png]
[www.ironman3.com.au/sites/all/themes/ironmansat/img/backgrounds/tab.png]
[www.ironman3.com.au/sites/all/themes/ironmansat/img/backgrounds/social-item.png]
[www.ironman3.com.au/sites/all/themes/ironmansat/img/misc/loader-64.gif]
[www.ironman3.com.au/sites/all/themes/ironmansat/img/misc/frame-large.png]
[www.ironman3.com.au/sites/all/themes/ironmansat/img/misc/gallery-frame-sprite.png]
[www.ironman3.com.au/sites/all/themes/ironmansat/img/icons/download.png]
[www.ironman3.com.au/sites/all/themes/ironmansat/img/backgrounds/mob-ptab-nav.jpg]
[www.ironman3.com.au/sites/all/themes/ironmansat/img/backgrounds/mob-ptab-nav-shadow.png]
[www.ironman3.com.au/sites/all/themes/ironmansat/img/backgrounds/mob-ptab-nav-selected-retina.png]
[www.ironman3.com.au/sites/all/themes/ironmansat/img/backgrounds/mob-ptab-menu-sprite-retina.png]
[www.ironman3.com.au/sites/all/themes/ironmansat/img/backgrounds/mob-ptab-register-sprite-retina.png]
[www.ironman3.com.au/sites/all/themes/ironmansat/img/backgrounds/mob-ptab-footer.jpg]
[www.ironman3.com.au/sites/all/themes/ironmansat/img/hero-images/hero-0-mob.jpg]
[www.ironman3.com.au/sites/all/themes/ironmansat/img/backgrounds/watch-trailer.png]
[www.ironman3.com.au/sites/all/themes/ironmansat/img/backgrounds/mob-content.jpg]
[www.ironman3.com.au/sites/all/themes/ironmansat/img/backgrounds/mob-suitup.jpg]
[www.ironman3.com.au/sites/all/themes/ironmansat/img/logos/mob-suitup.png]
[www.ironman3.com.au/sites/all/themes/ironmansat/img/misc/mob-video-frame.png]
[www.ironman3.com.au/sites/all/themes/ironmansat/img/backgrounds/mob-cast-item-retina.png]
[www.ironman3.com.au/sites/all/themes/ironmansat/img/misc/gallery-frame-large-mob.png]
[www.ironman3.com.au/sites/all/themes/ironmansat/img/buttons/back-to-gallery.png]
[www.ironman3.com.au/sites/all/themes/ironmansat/img/misc/mob-gallery-frame.png]
[www.ironman3.com.au/sites/all/themes/ironmansat/img/backgrounds/mob-content-flyout.jpg]
[www.ironman3.com.au/sites/all/themes/ironmansat/css/main.css]
[www.ironman3.com.au/sites/all/themes/ironmansat/images/error_rgt_edge.jpg]
[www.ironman3.com.au/sites/all/themes/ironmansat/css/formvalidations/validationEngine.jquery.css]
[connect.facebook.net/en_GB/all.js]
[analytics.disneyinternational.com/analytics/wdigWebAnalytics.js]
[www.ironman3.com.au/im3comp-terms.html]
[www.ironman3.com.au/#.html]
[www.ironman3.com.au/user/logout.html]
[www.ironman3.com.au/sites/all/themes/ironmansat/js/zepto.min.js]
[www.ironman3.com.au/sites/default/modules/custom/im3codes/third_party/fancybox/fancybox_sprite@2x.html]
[www.ironman3.com.au/sites/default/modules/custom/im3codes/third_party/fancybox/fancybox_loading@2x.html]
[www.ironman3.com.au/sites/default/modules/custom/im3codes/img/buttons/coming-soon.html]
[www.ironman3.com.au/sites/default/modules/custom/im3codes/img/buttons/play-now.html]
[www.ironman3.com.au/sites/all/modules/contrib/kaltura/plugins/kaltura_playlist/up.html]
[www.ironman3.com.au/sites/all/modules/contrib/kaltura/plugins/kaltura_playlist/down.html]
[www.ironman3.com.au/mousedown.html]
[www.ironman3.com.au/click.html]
[www.ironman3.com.au/mouseover.html]
[www.ironman3.com.au/dragstart.jsp selectstart.html]
[www.ironman3.com.au/mousemove.html]
[www.ironman3.com.au/mouseup.jsp mouseleave.html]
[www.ironman3.com.au/mouseup.html]
[www.ironman3.com.au/dragstart.jsp selectstart.jsp mousemove.jsp mouseup.jsp mouseleave.html]
[www.ironman3.com.au/focus.html]
[www.ironman3.com.au/keydown.jsp keypress.html]
[www.ironman3.com.au/keydown.html]
[www.ironman3.com.au/keypress.html]
[www.ironman3.com.au/touchstart.html]
[www.ironman3.com.au/touchmove.html]
[www.ironman3.com.au/touchend.html]
[www.ironman3.com.au/sites/all/themes/ironmansat/img/buttons/flyout-submit-short.html]
[www.ironman3.com.au/ABCDEFGHIJKLMNOPQRSTUVWXYZabcdefghijklmnopqrstuvwxyz0123456789+/index.html]
[www.ironman3.com.au/restserver.html]
[www.ironman3.com.au/dialog/index.html]
[analytics.disneyinternational.com/analytics/tags/tagsv26ac6.php]
[analytics.disneyinternational.com/analytics/wdigWebAnalytics.js]
[apis.google.com/js/plusone.js]
[www.ironman3.com.au/index-2.html]
