[fillet.com.br/index.html]
[backblue.gif]
[fade.gif]
[index.html]
[fillet.com.br/stylesheets/awwwards.css]
[fillet.com.br/stylesheets/stylea87f.css]
[fillet.com.br/images/favicon.ico]
[www.fillet.com.br/images/share.jpg]
[ajax.googleapis.com/ajax/libs/jquery/1.9.0/jquery.min.js]
[cdnjs.cloudflare.com/ajax/libs/jquery.imagesloaded/3.0.4/jquery.imagesloaded.min.js]
[fillet.com.br/javascripts/jquery.queryloader2.js]
[fillet.com.br/images/logo/0.png]
[fillet.com.br/images/logo/1.png]
[fillet.com.br/images/logo/2.png]
[fillet.com.br/images/logo/3.png]
[fillet.com.br/images/logo/4.png]
[fillet.com.br/images/logo/5.png]
[fillet.com.br/images/logo/6.png]
[fillet.com.br/images/logo/7.png]
[fillet.com.br/images/logo/8.png]
[fillet.com.br/images/logo/9.png]
[fillet.com.br/images/logo/10.png]
[fillet.com.br/images/logo/11.png]
[fillet.com.br/images/logo/12.png]
[fillet.com.br/images/logo/13.png]
[fillet.com.br/images/logo/14.png]
[fillet.com.br/images/logo/15.png]
[fillet.com.br/images/logo/16.png]
[fillet.com.br/images/logo/17.png]
[fillet.com.br/images/logo/18.png]
[fillet.com.br/images/logo/19.png]
[fillet.com.br/images/logo/20.png]
[fillet.com.br/images/logo/21.png]
[fillet.com.br/images/logo/22.png]
[fillet.com.br/images/logo/23.png]
[fillet.com.br/images/logo/24.png]
[fillet.com.br/images/logo/25.png]
[fillet.com.br/images/logo/26.png]
[fillet.com.br/images/logo/27.png]
[fillet.com.br/images/logo/28.png]
[fillet.com.br/images/logo/29.png]
[fillet.com.br/images/logo/30.png]
[fillet.com.br/images/logo/31.png]
[fillet.com.br/images/logo/32.png]
[fillet.com.br/images/logo/33.png]
[fillet.com.br/images/logo/34.png]
[fillet.com.br/images/logo/35.png]
[fillet.com.br/images/logo/36.png]
[fillet.com.br/javascripts/jquery-libs.js]
[fillet.com.br/index.html]
[fillet.com.br/javascripts/applicatione5bf.js]
[fillet.com.br/images/ribbons/awwwards_sotd_black_left.png]
[fillet.com.br/images/ribbons/awwwards_sotd_black_right.png]
[fillet.com.br/images/ribbons/awwwards_sotd_white_left.png]
[fillet.com.br/images/ribbons/awwwards_sotd_white_right.png]
[fillet.com.br/images/ribbons/awwwards_sotd_green_left.png]
[fillet.com.br/images/ribbons/awwwards_sotd_green_right.png]
[fillet.com.br/images/ribbons/awwwards_sotd_black_left2x.png]
[fillet.com.br/images/ribbons/awwwards_sotd_black_right2x.png]
[fillet.com.br/images/ribbons/awwwards_sotd_white_left2x.png]
[fillet.com.br/images/ribbons/awwwards_sotd_white_right2x.png]
[fillet.com.br/images/ribbons/awwwards_sotd_green_left2x.png]
[fillet.com.br/images/ribbons/awwwards_sotd_green_right2x.png]
[fillet.com.br/stylesheets/awwwards.css]
[fillet.com.br/stylesheets/stylea87f.css]
