[backblue.gif]
[fade.gif]
[index.html]
[code.jquery.com/ui/1.10.3/themes/smoothness/jquery-ui.css]
[www.bizbrain.org/coffee/inc/js/detectmobilebrowser.js]
[www.bizbrain.org/coffee/inc/js/jquery.simplemodal.1.4.4.min.js]
[code.jquery.com/jquery-1.9.1.js]
[code.jquery.com/ui/1.10.3/jquery-ui.js]
[www.bizbrain.org/coffee/inc/bootstrap/js/bootstrap.min.js]
[www.bizbrain.org/coffee/inc/bootstrap/plugins/transition.js]
[www.bizbrain.org/coffee/inc/bootstrap/plugins/collapse.js]
[www.bizbrain.org/coffee/inc/js/script.min.js]
[www.bizbrain.org/coffee/img/loading.gif]
[www.bizbrain.org/coffee/img/nowsourcing-yellow.png]
[www.bizbrain.org/coffee/img-sm/nowsourcing-yellow.png]
[www.bizbrain.org/coffee/img/print1-section0.png]
[www.bizbrain.org/coffee/img/print1-section1.png]
[www.bizbrain.org/coffee/img/print1-section2.png]
[www.bizbrain.org/coffee/img/print1-section3.png]
[www.bizbrain.org/coffee/img/print1-section4.png]
[www.bizbrain.org/coffee/img/print1-section5.png]
[www.bizbrain.org/coffee/img/print1-section6.png]
[www.bizbrain.org/coffee/img/print1-section7.png]
[www.bizbrain.org/coffee/img/print1-section8.png]
[www.bizbrain.org/coffee/img/print1-section9.png]
[www.bizbrain.org/coffee/img/print1-section10.png]
[www.bizbrain.org/coffee/img/print1-section11.png]
[www.bizbrain.org/coffee/img/print1-section12.png]
[www.bizbrain.org/coffee/img/print1-section13.png]
[www.bizbrain.org/coffee/img/print1-section14.png]
[www.bizbrain.org/coffee/img/print1-section15.png]
[s7.addthis.com/js/300/addthis_widget.js]
[pmetrics.performancing.com/20834ns.gif]
[www.bizbrain.org/coffee/index.html]
[www.bizbrain.org/coffee/inc/bootstrap/fonts/glyphicons-halflings-regular.eot]
[www.bizbrain.org/coffee/inc/bootstrap/fonts/glyphicons-halflings-regulard41d.eot]
[www.bizbrain.org/coffee/inc/bootstrap/fonts/glyphicons-halflings-regular.woff]
[www.bizbrain.org/coffee/inc/bootstrap/fonts/glyphicons-halflings-regular.ttf]
[www.bizbrain.org/coffee/inc/bootstrap/css/bootstrap.min.css]
[code.jquery.com/ui/1.10.3/themes/smoothness/images/animated-overlay.gif]
[code.jquery.com/ui/1.10.3/themes/smoothness/images/ui-bg_flat_75_ffffff_40x100.png]
[code.jquery.com/ui/1.10.3/themes/smoothness/images/ui-bg_highlight-soft_75_cccccc_1x100.png]
[code.jquery.com/ui/1.10.3/themes/smoothness/images/ui-bg_glass_75_e6e6e6_1x400.png]
[code.jquery.com/ui/1.10.3/themes/smoothness/images/ui-bg_glass_75_dadada_1x400.png]
[code.jquery.com/ui/1.10.3/themes/smoothness/images/ui-bg_glass_65_ffffff_1x400.png]
[code.jquery.com/ui/1.10.3/themes/smoothness/images/ui-bg_glass_55_fbf9ee_1x400.png]
[code.jquery.com/ui/1.10.3/themes/smoothness/images/ui-bg_glass_95_fef1ec_1x400.png]
[code.jquery.com/ui/1.10.3/themes/smoothness/images/ui-icons_222222_256x240.png]
[code.jquery.com/ui/1.10.3/themes/smoothness/images/ui-icons_888888_256x240.png]
[code.jquery.com/ui/1.10.3/themes/smoothness/images/ui-icons_454545_256x240.png]
[code.jquery.com/ui/1.10.3/themes/smoothness/images/ui-icons_2e83ff_256x240.png]
[code.jquery.com/ui/1.10.3/themes/smoothness/images/ui-icons_cd0a0a_256x240.png]
[code.jquery.com/ui/1.10.3/themes/smoothness/images/ui-bg_flat_0_aaaaaa_40x100.png]
[code.jquery.com/ui/1.10.3/themes/smoothness/jquery-ui.css]
[www.bizbrain.org/coffee/inc/fonts/lavanderiasturdy.otf]
[www.bizbrain.org/coffee/img-sm/dirt-texture.png]
[www.bizbrain.org/coffee/img-sm/box-pointer-blue.png]
[www.bizbrain.org/coffee/img-sm/box-pointer-gray.png]
[www.bizbrain.org/coffee/img-sm/box-pointer-clear.png]
[www.bizbrain.org/coffee/img-sm/box-pointer-brown-side.png]
[www.bizbrain.org/coffee/img-sm/title.png]
[www.bizbrain.org/coffee/img-sm/logo.png]
[www.bizbrain.org/coffee/img-sm/cloud1.png]
[www.bizbrain.org/coffee/img-sm/cloud2.png]
[www.bizbrain.org/coffee/img-sm/cloud3.png]
[www.bizbrain.org/coffee/img-sm/cloud4.png]
[www.bizbrain.org/coffee/img-sm/section1-hand.png]
[www.bizbrain.org/coffee/img-sm/bean1.png]
[www.bizbrain.org/coffee/img-sm/section1-circle1.png]
[www.bizbrain.org/coffee/img-sm/section1-circle2.png]
[www.bizbrain.org/coffee/img-sm/section1-arrow.png]
[www.bizbrain.org/coffee/img-sm/plant-top-phase1.png]
[www.bizbrain.org/coffee/img-sm/plant-top-phase2.png]
[www.bizbrain.org/coffee/img-sm/plant-top-phase3.png]
[www.bizbrain.org/coffee/img-sm/plant-top-phase4.png]
[www.bizbrain.org/coffee/img-sm/plant-top-phase5.png]
[www.bizbrain.org/coffee/img-sm/plant-top-phase6.png]
[www.bizbrain.org/coffee/img-sm/plant-bottom-phase0.png]
[www.bizbrain.org/coffee/img-sm/plant-bottom-phase1.png]
[www.bizbrain.org/coffee/img-sm/plant-bottom-phase2.png]
[www.bizbrain.org/coffee/img-sm/plant-bottom-phase3.png]
[www.bizbrain.org/coffee/img-sm/plant-bottom-phase4.png]
[www.bizbrain.org/coffee/img-sm/plant-bottom-phase5.png]
[www.bizbrain.org/coffee/img-sm/section2-border-top.png]
[www.bizbrain.org/coffee/img-sm/section2-scale.png]
[www.bizbrain.org/coffee/img-sm/section2-cloud1.png]
[www.bizbrain.org/coffee/img-sm/section2-cloud2.png]
[www.bizbrain.org/coffee/img-sm/section2-mountains1.png]
[www.bizbrain.org/coffee/img-sm/section2-mountains2.png]
[www.bizbrain.org/coffee/img-sm/section2-mountains3.png]
[www.bizbrain.org/coffee/img-sm/arrow-left-gray.png]
[www.bizbrain.org/coffee/img-sm/section2-robusta.png]
[www.bizbrain.org/coffee/img-sm/section2-arabica.png]
[www.bizbrain.org/coffee/img-sm/section3-map1.png]
[www.bizbrain.org/coffee/img-sm/section3-map2.png]
[www.bizbrain.org/coffee/img-sm/section3-flagpole.png]
[www.bizbrain.org/coffee/img-sm/section3-flag1.png]
[www.bizbrain.org/coffee/img-sm/section3-flag2.png]
[www.bizbrain.org/coffee/img-sm/section3-flag3.png]
[www.bizbrain.org/coffee/img-sm/section3-flag4.png]
[www.bizbrain.org/coffee/img-sm/section3-flag5.png]
[www.bizbrain.org/coffee/img-sm/section3-dot.png]
[www.bizbrain.org/coffee/img-sm/section3-flag.png]
[www.bizbrain.org/coffee/img-sm/section4-border-top.png]
[www.bizbrain.org/coffee/img-sm/section4-sunrain.gif]
[www.bizbrain.org/coffee/img-sm/section4-whitebar.png]
[www.bizbrain.org/coffee/img-sm/section4-cherry1.png]
[www.bizbrain.org/coffee/img-sm/section4-cherry2.png]
[www.bizbrain.org/coffee/img-sm/section4-cherry3.png]
[www.bizbrain.org/coffee/img-sm/section4-cherry4.png]
[www.bizbrain.org/coffee/img-sm/section4-cherry5.png]
[www.bizbrain.org/coffee/img-sm/section4-bush0.png]
[www.bizbrain.org/coffee/img-sm/section4-bush1.png]
[www.bizbrain.org/coffee/img-sm/section4-bush2.png]
[www.bizbrain.org/coffee/img-sm/section4-bush3.png]
[www.bizbrain.org/coffee/img-sm/section4-bush4.png]
[www.bizbrain.org/coffee/img-sm/section4-bush5.png]
[www.bizbrain.org/coffee/img-sm/section4-bush6.png]
[www.bizbrain.org/coffee/img-sm/section4-bush7.png]
[www.bizbrain.org/coffee/img-sm/section4-bush8.png]
[www.bizbrain.org/coffee/img-sm/section4-harvester.gif]
[www.bizbrain.org/coffee/img-sm/section4-handleft1.png]
[www.bizbrain.org/coffee/img-sm/section4-handright1.png]
[www.bizbrain.org/coffee/img-sm/section5-back2.png]
[www.bizbrain.org/coffee/img-sm/section5-back.png]
[www.bizbrain.org/coffee/img-sm/section5-cherry.png]
[www.bizbrain.org/coffee/img-sm/section5-circle1.png]
[www.bizbrain.org/coffee/img-sm/section5-circle1-2.png]
[www.bizbrain.org/coffee/img-sm/section5-arrow-down-brown.png]
[www.bizbrain.org/coffee/img-sm/section5-dry-beans.png]
[www.bizbrain.org/coffee/img-sm/section5-arrow-right-brown.png]
[www.bizbrain.org/coffee/img-sm/section5-dry-rake.png]
[www.bizbrain.org/coffee/img-sm/section5-circle2.png]
[www.bizbrain.org/coffee/img-sm/section5-circle2-2.png]
[www.bizbrain.org/coffee/img-sm/section5-arrow-down-blue.png]
[www.bizbrain.org/coffee/img-sm/section5-wet-bean.png]
[www.bizbrain.org/coffee/img-sm/section5-wet-machine1.gif]
[www.bizbrain.org/coffee/img-sm/section5-animatedmachine.gif]
[www.bizbrain.org/coffee/img-sm/section5-animatedmachine2.gif]
[www.bizbrain.org/coffee/img-sm/section5-circle.png]
[www.bizbrain.org/coffee/img-sm/section5-circle-2.png]
[www.bizbrain.org/coffee/img-sm/section6-back.png]
[www.bizbrain.org/coffee/img-sm/section6-hopper.png]
[www.bizbrain.org/coffee/img-sm/section6-machine-mid.png]
[www.bizbrain.org/coffee/img-sm/section6-machine.gif]
[www.bizbrain.org/coffee/img-sm/section6-machine-bottom.png]
[www.bizbrain.org/coffee/img-sm/bean2.png]
[www.bizbrain.org/coffee/img-sm/section7-machine.png]
[www.bizbrain.org/coffee/img-sm/section8-back.png]
[www.bizbrain.org/coffee/img-sm/bean5.png]
[www.bizbrain.org/coffee/img-sm/bean6.png]
[www.bizbrain.org/coffee/img-sm/bean3.png]
[www.bizbrain.org/coffee/img-sm/section8-hand.png]
[www.bizbrain.org/coffee/img-sm/section9-bag.png]
[www.bizbrain.org/coffee/img-sm/section9-boat.png]
[www.bizbrain.org/coffee/img-sm/section9-wave1.png]
[www.bizbrain.org/coffee/img-sm/section9-wave2.png]
[www.bizbrain.org/coffee/img-sm/section9-wave3.png]
[www.bizbrain.org/coffee/img-sm/section9-wave4.png]
[www.bizbrain.org/coffee/img-sm/section10-grid.png]
[www.bizbrain.org/coffee/img-sm/section10-map.png]
[www.bizbrain.org/coffee/img-sm/section10-flag1.png]
[www.bizbrain.org/coffee/img-sm/section10-flag2.png]
[www.bizbrain.org/coffee/img-sm/section10-flag3.png]
[www.bizbrain.org/coffee/img-sm/section10-flag4.png]
[www.bizbrain.org/coffee/img-sm/section10-flag5.png]
[www.bizbrain.org/coffee/img-sm/section11-border-top.png]
[www.bizbrain.org/coffee/img-sm/section11-face.png]
[www.bizbrain.org/coffee/img-sm/section11-smell.gif]
[www.bizbrain.org/coffee/img-sm/section11-hand.png]
[www.bizbrain.org/coffee/img-sm/box-pointer-clear-right.png]
[www.bizbrain.org/coffee/img-sm/bean2-sm.png]
[www.bizbrain.org/coffee/img-sm/section12-machine.png]
[www.bizbrain.org/coffee/img-sm/section12-gauge.png]
[www.bizbrain.org/coffee/img-sm/section12-smell.png]
[www.bizbrain.org/coffee/img-sm/section12-circle1.png]
[www.bizbrain.org/coffee/img-sm/section12-circle2.png]
[www.bizbrain.org/coffee/img-sm/section13-section12-machine.png]
[www.bizbrain.org/coffee/img-sm/bean4.png]
[www.bizbrain.org/coffee/img-sm/section13-grindertop2.png]
[www.bizbrain.org/coffee/img-sm/section13-grindertop2.gif]
[www.bizbrain.org/coffee/img-sm/section13-grindertop4.png]
[www.bizbrain.org/coffee/img-sm/section13-grinder.png]
[www.bizbrain.org/coffee/img-sm/section13-grounds.gif]
[www.bizbrain.org/coffee/img-sm/section13-groundsfine1.png]
[www.bizbrain.org/coffee/img-sm/section13-groundsfine2.png]
[www.bizbrain.org/coffee/img-sm/section13-groundsfine3.png]
[www.bizbrain.org/coffee/img-sm/section13-groundscoarse1.png]
[www.bizbrain.org/coffee/img-sm/section13-groundscoarse2.png]
[www.bizbrain.org/coffee/img-sm/section13-groundscoarse3.png]
[www.bizbrain.org/coffee/img-sm/section14-back2.png]
[www.bizbrain.org/coffee/img-sm/section14-back.png]
[www.bizbrain.org/coffee/img-sm/section14-grounds3.gif]
[www.bizbrain.org/coffee/img-sm/section14-grounds4.gif]
[www.bizbrain.org/coffee/img-sm/section14-filter1.png]
[www.bizbrain.org/coffee/img-sm/section14-filter2.png]
[www.bizbrain.org/coffee/img-sm/section14-plunger1.png]
[www.bizbrain.org/coffee/img-sm/section14-plunger2.png]
[www.bizbrain.org/coffee/img-sm/section14-plunger3.png]
[www.bizbrain.org/coffee/img-sm/section14-plunger4.png]
[www.bizbrain.org/coffee/img-sm/section14-pour.png]
[www.bizbrain.org/coffee/img-sm/section15-pouring.png]
[www.bizbrain.org/coffee/img-sm/section15-heat2.gif]
[www.bizbrain.org/coffee/img-sm/section15-mug.png]
[www.bizbrain.org/coffee/img/dirt-texture.png]
[www.bizbrain.org/coffee/img/box-pointer-blue.png]
[www.bizbrain.org/coffee/img/box-pointer-gray.png]
[www.bizbrain.org/coffee/img/box-pointer-clear.png]
[www.bizbrain.org/coffee/img/box-pointer-brown-side.png]
[www.bizbrain.org/coffee/img/title.png]
[www.bizbrain.org/coffee/img/logo.png]
[www.bizbrain.org/coffee/img/cloud1.png]
[www.bizbrain.org/coffee/img/cloud2.png]
[www.bizbrain.org/coffee/img/cloud3.png]
[www.bizbrain.org/coffee/img/cloud4.png]
[www.bizbrain.org/coffee/img/section1-hand.png]
[www.bizbrain.org/coffee/img/bean1.png]
[www.bizbrain.org/coffee/img/section1-circle1.png]
[www.bizbrain.org/coffee/img/section1-circle2.png]
[www.bizbrain.org/coffee/img/section1-arrow.png]
[www.bizbrain.org/coffee/img/plant-top-phase1.png]
[www.bizbrain.org/coffee/img/plant-top-phase2.png]
[www.bizbrain.org/coffee/img/plant-top-phase3.png]
[www.bizbrain.org/coffee/img/plant-top-phase4.png]
[www.bizbrain.org/coffee/img/plant-top-phase5.png]
[www.bizbrain.org/coffee/img/plant-top-phase6.png]
[www.bizbrain.org/coffee/img/plant-bottom-phase0.png]
[www.bizbrain.org/coffee/img/plant-bottom-phase1.png]
[www.bizbrain.org/coffee/img/plant-bottom-phase2.png]
[www.bizbrain.org/coffee/img/plant-bottom-phase3.png]
[www.bizbrain.org/coffee/img/plant-bottom-phase4.png]
[www.bizbrain.org/coffee/img/plant-bottom-phase5.png]
[www.bizbrain.org/coffee/img/section2-border-top.png]
[www.bizbrain.org/coffee/img/section2-scale.png]
[www.bizbrain.org/coffee/img/section2-cloud1.png]
[www.bizbrain.org/coffee/img/section2-cloud2.png]
[www.bizbrain.org/coffee/img/section2-mountains1.png]
[www.bizbrain.org/coffee/img/section2-mountains2.png]
[www.bizbrain.org/coffee/img/section2-mountains3.png]
[www.bizbrain.org/coffee/img/arrow-left-gray.png]
[www.bizbrain.org/coffee/img/section2-robusta.png]
[www.bizbrain.org/coffee/img/section2-arabica.png]
[www.bizbrain.org/coffee/img/section3-map1.png]
[www.bizbrain.org/coffee/img/section3-map2.png]
[www.bizbrain.org/coffee/img/section3-flagpole.png]
[www.bizbrain.org/coffee/img/section3-flag1.png]
[www.bizbrain.org/coffee/img/section3-flag2.png]
[www.bizbrain.org/coffee/img/section3-flag3.png]
[www.bizbrain.org/coffee/img/section3-flag4.png]
[www.bizbrain.org/coffee/img/section3-flag5.png]
[www.bizbrain.org/coffee/img/section3-dot.png]
[www.bizbrain.org/coffee/img/section3-flag.png]
[www.bizbrain.org/coffee/img/section4-border-top.png]
[www.bizbrain.org/coffee/img/section4-sunrain.gif]
[www.bizbrain.org/coffee/img/section4-whitebar.png]
[www.bizbrain.org/coffee/img/section4-cherry1.png]
[www.bizbrain.org/coffee/img/section4-cherry2.png]
[www.bizbrain.org/coffee/img/section4-cherry3.png]
[www.bizbrain.org/coffee/img/section4-cherry4.png]
[www.bizbrain.org/coffee/img/section4-cherry5.png]
[www.bizbrain.org/coffee/img/section4-bush0.png]
[www.bizbrain.org/coffee/img/section4-bush1.png]
[www.bizbrain.org/coffee/img/section4-bush2.png]
[www.bizbrain.org/coffee/img/section4-bush3.png]
[www.bizbrain.org/coffee/img/section4-bush4.png]
[www.bizbrain.org/coffee/img/section4-bush5.png]
[www.bizbrain.org/coffee/img/section4-bush6.png]
[www.bizbrain.org/coffee/img/section4-bush7.png]
[www.bizbrain.org/coffee/img/section4-bush8.png]
[www.bizbrain.org/coffee/img/section4-harvester.gif]
[www.bizbrain.org/coffee/img/section4-handleft1.png]
[www.bizbrain.org/coffee/img/section4-handright1.png]
[www.bizbrain.org/coffee/img/section5-back2.png]
[www.bizbrain.org/coffee/img/section5-back.png]
[www.bizbrain.org/coffee/img/section5-cherry2.png]
[www.bizbrain.org/coffee/img/section5-circle1.png]
[www.bizbrain.org/coffee/img/section5-circle1-2.png]
[www.bizbrain.org/coffee/img/section5-arrow-down-brown.png]
[www.bizbrain.org/coffee/img/section5-dry-beans.png]
[www.bizbrain.org/coffee/img/section5-arrow-right-brown.png]
[www.bizbrain.org/coffee/img/section5-dry-rake.png]
[www.bizbrain.org/coffee/img/section5-circle2.png]
[www.bizbrain.org/coffee/img/section5-circle2-2.png]
[www.bizbrain.org/coffee/img/section5-arrow-down-blue.png]
[www.bizbrain.org/coffee/img/section5-wet-bean.png]
[www.bizbrain.org/coffee/img/section5-wet-machine1.gif]
[www.bizbrain.org/coffee/img/section5-animatedmachine.gif]
[www.bizbrain.org/coffee/img/section5-animatedmachine2.gif]
[www.bizbrain.org/coffee/img/section5-circle.png]
[www.bizbrain.org/coffee/img/section5-circle-2.png]
[www.bizbrain.org/coffee/img/section6-back.png]
[www.bizbrain.org/coffee/img/section6-hopper.png]
[www.bizbrain.org/coffee/img/section6-machine-mid.png]
[www.bizbrain.org/coffee/img/section6-machine-test.gif]
[www.bizbrain.org/coffee/img/section6-machine-bottom.png]
[www.bizbrain.org/coffee/img/bean2.png]
[www.bizbrain.org/coffee/img/section7-machine.png]
[www.bizbrain.org/coffee/img/section8-back.png]
[www.bizbrain.org/coffee/img/bean5.png]
[www.bizbrain.org/coffee/img/bean6.png]
[www.bizbrain.org/coffee/img/bean3.png]
[www.bizbrain.org/coffee/img/section8-hand.png]
[www.bizbrain.org/coffee/img/section9-bag.png]
[www.bizbrain.org/coffee/img/section9-boat.png]
[www.bizbrain.org/coffee/img/section9-wave1.png]
[www.bizbrain.org/coffee/img/section9-wave2.png]
[www.bizbrain.org/coffee/img/section9-wave3.png]
[www.bizbrain.org/coffee/img/section9-wave4.png]
[www.bizbrain.org/coffee/img/section10-grid.png]
[www.bizbrain.org/coffee/img/section10-map.png]
[www.bizbrain.org/coffee/img/section10-flag1.png]
[www.bizbrain.org/coffee/img/section10-flag2.png]
[www.bizbrain.org/coffee/img/section10-flag3.png]
[www.bizbrain.org/coffee/img/section10-flag4.png]
[www.bizbrain.org/coffee/img/section10-flag5.png]
[www.bizbrain.org/coffee/img/section11-border-top.png]
[www.bizbrain.org/coffee/img/section11-face.png]
[www.bizbrain.org/coffee/img/section11-smell.gif]
[www.bizbrain.org/coffee/img/section11-hand.png]
[www.bizbrain.org/coffee/img/box-pointer-clear-right.png]
[www.bizbrain.org/coffee/img/bean2-sm.png]
[www.bizbrain.org/coffee/img/section12-machine.png]
[www.bizbrain.org/coffee/img/section12-gauge.png]
[www.bizbrain.org/coffee/img/section12-smell.png]
[www.bizbrain.org/coffee/img/section12-circle1.png]
[www.bizbrain.org/coffee/img/section12-circle2.png]
[www.bizbrain.org/coffee/img/section13-section12-machine.png]
[www.bizbrain.org/coffee/img/bean4.png]
[www.bizbrain.org/coffee/img/section13-grindertop2.png]
[www.bizbrain.org/coffee/img/section13-grindertop2.gif]
[www.bizbrain.org/coffee/img/section13-grindertop4.png]
[www.bizbrain.org/coffee/img/section13-grinder.png]
[www.bizbrain.org/coffee/img/section13-grounds.gif]
[www.bizbrain.org/coffee/img/section13-groundsfine1.png]
[www.bizbrain.org/coffee/img/section13-groundsfine2.png]
[www.bizbrain.org/coffee/img/section13-groundsfine3.png]
[www.bizbrain.org/coffee/img/section13-groundscoarse1.png]
[www.bizbrain.org/coffee/img/section13-groundscoarse2.png]
[www.bizbrain.org/coffee/img/section13-groundscoarse3.png]
[www.bizbrain.org/coffee/img/section14-back2.png]
[www.bizbrain.org/coffee/img/section14-back.png]
[www.bizbrain.org/coffee/img/section14-grounds3.gif]
[www.bizbrain.org/coffee/img/section14-grounds4.gif]
[www.bizbrain.org/coffee/img/section14-filter1.png]
[www.bizbrain.org/coffee/img/section14-filter2.png]
[www.bizbrain.org/coffee/img/section14-plunger1.png]
[www.bizbrain.org/coffee/img/section14-plunger2.png]
[www.bizbrain.org/coffee/img/section14-plunger3.png]
[www.bizbrain.org/coffee/img/section14-plunger4.png]
[www.bizbrain.org/coffee/img/section14-pour.png]
[www.bizbrain.org/coffee/img/section15-pouring.png]
[www.bizbrain.org/coffee/img/section15-heat2.gif]
[www.bizbrain.org/coffee/img/section15-mug.png]
[www.bizbrain.org/coffee/inc/css/styles.min.css]
[www.bizbrain.org/coffee/inc/css/printstyles.css]
[code.jquery.com/jquery-1.9.1.js]
[code.jquery.com/ui/1.10.3/jquery-ui.js]
[www.bizbrain.org/coffee/inc/bootstrap/fonts/glyphicons-halflings-regular.svg]
