[backblue.gif]
[fade.gif]
[index.html]
[astera-led.com/favicon.ico]
[astera-led.com/images/astera_logo.png]
[connect.facebook.net/en_US/all.a.delayed]
[astera-led.com/index.html]
[astera-led.com/js/jquery-1.8.2.min.js]
[astera-led.com/webfonts/276659_0_0.eot]
[astera-led.com/webfonts/276659_0_0d41d.eot]
[astera-led.com/webfonts/276659_0_0.woff]
[astera-led.com/webfonts/276659_0_0.ttf]
[astera-led.com/images/light_source.png]
[astera-led.com/webfonts/276659_1_0.eot]
[astera-led.com/webfonts/276659_1_0d41d.eot]
[astera-led.com/webfonts/276659_1_0.woff]
[astera-led.com/webfonts/276659_1_0.ttf]
[astera-led.com/webfonts/276659_2_0.eot]
[astera-led.com/webfonts/276659_2_0.woff]
[astera-led.com/webfonts/276659_2_0d41d.eot]
[astera-led.com/webfonts/276659_2_0.ttf]
[astera-led.com/images/home_banner.jpg]
[astera-led.com/images/explore_btn.png]
[astera-led.com/images/explore_arrow_btn.png]
[astera-led.com/images/home_green_lighting_banner.png]
[astera-led.com/images/icon_green.png]
[astera-led.com/images/btn_arrow_right.png]
[astera-led.com/images/home_wireless_banner.jpg]
[astera-led.com/images/icon_wireless.png]
[astera-led.com/images/icon_architecture.jpg]
[astera-led.com/images/btn_arrow_left.png]
[astera-led.com/images/home_architecture_banner.jpg]
[astera-led.com/images/pattern.png]
[astera-led.com/images/line_footer.png]
[astera-led.com/images/btn_subscribe_envelop.png]
[astera-led.com/images/btn_facebook.jpg]
[astera-led.com/images/btn_tw.png]
[astera-led.com/images/btn_youtube.jpg]
[astera-led.com/images/wireless_banner.jpg]
[astera-led.com/images/icon_products_small.png]
[astera-led.com/images/video_image.png]
[astera-led.com/images/wireless_strip.jpg]
[astera-led.com/images/home_small_last_picture.png]
[astera-led.com/images/products_banner.jpg]
[astera-led.com/images/download_btn.png]
[astera-led.com/images/item_strip.jpg]
[astera-led.com/images/icon_folder.png]
[astera-led.com/images/icon_heart.png]
[astera-led.com/images/icon_product_wireless.png]
[astera-led.com/images/icon_product_camera.png]
[astera-led.com/images/about_banner.jpg]
[astera-led.com/images/body_bkg.jpg]
[astera-led.com/images/crew_banner.jpg]
[astera-led.com/images/office_banner.jpg]
[astera-led.com/images/icon_location.png]
[astera-led.com/images/icon_phone.png]
[astera-led.com/images/world_map.jpg]
[astera-led.com/images/map_location_coords.png]
[astera-led.com/images/lang_sel2.png]
[astera-led.com/images/support_strip.jpg]
[astera-led.com/images_new/Support.png]
[astera-led.com/images_new/leasing.png]
[astera-led.com/images_new/leasing_banner.jpg]
[astera-led.com/style.css]
[astera-led.com/index-2.html]
[astera-led.com/images/product_overview/SpotMax.png]
[astera-led.com/images/product_overview/AsteraBox-overview.png]
[astera-led.com/images/product_overview/LightdropX.png]
[astera-led.com/images/icon-badg.png]
[astera-led.com/images/icon-screwdriver.png]
[astera-led.com/images/icon-2arrows.png]
[astera-led.com/images/icon-lightball.png]
[astera-led.com/images/news/plsn1.png]
[astera-led.com/images/news/lumenradio.png]
[astera-led.com/images/news/LSI.png]
[astera-led.com/images/company_logo1.jpg]
[astera-led.com/images/madrix-logo.png]
[astera-led.com/images/company_logo6.jpg]
[astera-led.com/images/company_logo7.png]
[astera-led.com/images/lumen_radio_logo.png]
[astera-led.com/wireless.html]
[astera-led.com/images/arch/Overview/1.jpg]
[astera-led.com/images/arch/Overview/2.jpg]
[astera-led.com/images/arch/Overview/3.jpg]
[astera-led.com/images/arch/Overview/4.jpg]
[astera-led.com/images/arch/Overview/5.jpg]
[astera-led.com/images/arch/Overview/6.jpg]
[astera-led.com/images/arch/Overview/7.jpg]
[astera-led.com/architectural.html]
[astera-led.com/images/green/green_overview_banner_en.jpg]
[astera-led.com/images/green/Overview page small2.png]
[astera-led.com/images/green/Overview page small.png]
[astera-led.com/green.html]
[astera-led.com/images/team_pic/crew_pic.png]
[astera-led.com/images/about/1.jpg]
[astera-led.com/images/about/2.jpg]
[astera-led.com/images/about/7.jpg]
[astera-led.com/about.html]
[astera-led.com/contact_us.html]
[astera-led.com/index9ed2.html]
[astera-led.com/index3322.html]
[astera-led.com/indexc69a.html]
[astera-led.com/indexdb38.html]
[connect.facebook.net/en_US/all.js]
[astera-led.com/js/jquery.stellar.min.js]
[astera-led.com/fonts/ostrich-dashed-webfont.html]
[astera-led.com/fonts/ostrich-dashed-webfontd41d.html]
[astera-led.com/fonts/ostrich-dashed-webfont-2.html]
[astera-led.com/fonts/ostrich-dashed-webfont-3.html]
[astera-led.com/fonts/ostrich-dashed-webfont-4.html]
[astera-led.com/grayscale.svg]
[astera-led.com/index9ed2-2.html]
[astera-led.com/index3322-2.html]
[astera-led.com/indexc69a-2.html]
[astera-led.com/indexdb38-2.html]
[astera-led.com/images/bx_loader.gif]
[astera-led.com/images/controls.png]
[astera-led.com/jquery.bxslider.css]
[astera-led.com/source/fancybox_sprite.png]
[astera-led.com/source/fancybox_loading.gif]
[astera-led.com/source/blank.gif]
[astera-led.com/source/fancybox_overlay.png]
[astera-led.com/source/jquery.fancybox.css]
[astera-led.com/wireless9ed2.html]
[astera-led.com/wireless3322.html]
[astera-led.com/wirelessc69a.html]
[astera-led.com/wirelessdb38.html]
[astera-led.com/images/product_overview/Wireless Pixel Tube.png]
[astera-led.com/images/product_overview/Mini Lightdrop.png]
[astera-led.com/images/product_overview/Wireless Wallwasher.png]
[astera-led.com/images/product_overview/Water-Resistant Spotlight.png]
[astera-led.com/images/product_overview/RF LED Controller.png]
[astera-led.com/images/product_overview/Cases.png]
[astera-led.com/images/product_overview/Wireless DMX Transmitter.png]
[astera-led.com/images/product_overview/SLIDE.png]
[astera-led.com/images/product_overview/Table Centerpieces.png]
[astera-led.com/images/product_overview/porta-astera.png]
[astera-led.com/products.html]
[astera-led.com/images/controls_normal.png]
[astera-led.com/images/product_images/SpotMax-pp.png]
[astera-led.com/images/Logos for ax10 radio- small.png]
[astera-led.com/images/compatible_lights/ARC1.png]
[astera-led.com/images/compatible_lights/ARC2.png]
[astera-led.com/images/compatible_lights/ART3.png]
[astera-led.com/images/compatible_lights/AsteraTouch.png]
[astera-led.com/images/compatible_lights/CRMX_transmitter.png]
[astera-led.com/images/product_images/ax10_m1.png]
[astera-led.com/images/product_images/ax10_m2.png]
[astera-led.com/images/product_images/ax10_m3.png]
[astera-led.com/pax10.html]
[astera-led.com/images/product_images/AsteraBox1.png]
[astera-led.com/images/product_images/AsteraBox2.png]
[astera-led.com/images/product_images/AsteraBox3.png]
[astera-led.com/images/product_images/AsteraBox4.png]
[astera-led.com/images/product_images/AsteraBox5.png]
[astera-led.com/images/brand/en_generic_rgb_wo_45.png]
[astera-led.com/images/compatible_lights/AC1.png]
[astera-led.com/images/compatible_lights/AC2.png]
[astera-led.com/images/compatible_lights/AC4.png]
[astera-led.com/images/compatible_lights/AL1.png]
[astera-led.com/images/compatible_lights/AX3.png]
[astera-led.com/images/compatible_lights/AL6.png]
[astera-led.com/images/compatible_lights/AL7-WXXL.png]
[astera-led.com/images/compatible_lights/AX10.png]
[astera-led.com/images/compatible_lights/SpotLite.png]
[astera-led.com/part6.html]
[astera-led.com/images/product_images/AX3-1.png]
[astera-led.com/images/product_images/AX3-2.png]
[astera-led.com/images/product_images/AX3-3.png]
[astera-led.com/images/product_images/AX3-4.png]
[astera-led.com/images/product_images/AX3-5.png]
[astera-led.com/images/Logos for ax3 website.png]
[astera-led.com/images/product_images/AX3-beach.png]
[astera-led.com/images/product_images/AX3-seat.png]
[astera-led.com/images/product_images/al3m_m3.png]
[astera-led.com/pax3.html]
[astera-led.com/images/about/3.jpg]
[astera-led.com/technology.html]
[astera-led.com/Downloads/Manuals/AL1 manual v4.0.20.pdf]
[astera-led.com/Downloads/Manuals/Lightdrop Quickstart Guide.pdf]
[astera-led.com/Downloads/Manuals/AL6 manual v2.pdf]
[astera-led.com/Downloads/Manuals/AL7 manual 3.8.3.pdf]
[astera-led.com/Downloads/Manuals/al7-W manual 3.4.21.pdf]
[astera-led.com/Downloads/Manuals/ARC2 manual V3.4.21.pdf]
[astera-led.com/Downloads/Manuals/ARC2 quick start guide v1.6.pdf]
[astera-led.com/Downloads/Manuals/AsteraTouch quick start guide v2.7.pdf]
[astera-led.com/Downloads/Manuals/AsteraTouch Quick Start Guide DE v2.7.pdf]
[astera-led.com/Downloads/Manuals/ART3 manual 3.8.18.pdf]
[astera-led.com/Downloads/Manuals/AX10 Manual Online.pdf]
[astera-led.com/Downloads/Datasheets/Product Sheet AL1.pdf]
[astera-led.com/Downloads/Datasheets/Product Sheet AL3-S.pdf]
[astera-led.com/Downloads/Datasheets/Product Sheet AL3-M.pdf]
[astera-led.com/Downloads/Datasheets/Product Sheet AL6.pdf]
[astera-led.com/Downloads/Datasheets/Product Sheet AL7-L.pdf]
[astera-led.com/Downloads/Datasheets/Product Sheet AL7-WXXL.pdf]
[astera-led.com/Downloads/Datasheets/Product Sheet AX10.pdf]
[astera-led.com/Downloads/Datasheets/Product Sheet ARC2.pdf]
[astera-led.com/Downloads/Datasheets/Product Sheet ARC6.pdf]
[astera-led.com/Downloads/Datasheets/Product Sheet ART3.pdf]
[astera-led.com/Downloads/Datasheets/AC4 datasheet.pdf]
[astera-led.com/Downloads/Datasheets/Product Sheet ART6.pdf]
[astera-led.com/Downloads/Datasheets/Product Sheet Cases.pdf]
[astera-led.com/Downloads/Datasheets/Product Sheet AX3.pdf]
[astera-led.com/Downloads/Datasheets/Product Sheet AX7.pdf]
[astera-led.com/Downloads/Firmware/firmware updating process.pdf]
[astera-led.com/Downloads/Firmware/EU Bundle.zip]
[astera-led.com/Downloads/Firmware/US Bundle.zip]
[astera-led.com/Downloads/Firmware/Astera_6.0.apk]
[astera-led.com/Downloads/DMX Tables/DMX Table for AL1 MKIII.xlsx]
[astera-led.com/Downloads/DMX Tables/DMX Table for AL3S.xlsx]
[astera-led.com/Downloads/DMX Tables/DMX Table for AL3M.xlsx]
[astera-led.com/Downloads/DMX Tables/DMX Tables for AL6.rar]
[astera-led.com/Downloads/DMX Tables/DMX Table for AL7L.xlsx]
[astera-led.com/Downloads/DMX Tables/DMX Table for AL7-W.xlsx]
[astera-led.com/Downloads/DMX Tables/DMX Table for AX10.xlsx]
[astera-led.com/Downloads/Other/2014 Event Catalogue.pdf]
[astera-led.com/Downloads/Other/Architectural 2014 Catalogue.pdf]
[astera-led.com/Downloads/Other/Astera Product Warranty.pdf]
[astera-led.com/Downloads/Other/Astera Sales Policy.pdf]
[astera-led.com/downloads.html]
[astera-led.com/images/arch/SNOG_Kings_Road/5.jpg]
[astera-led.com/images/arch/SNOG_Kings_Road/1.jpg]
[astera-led.com/images/arch/SNOG_Kings_Road/2.jpg]
[astera-led.com/images/arch/SNOG_Kings_Road/3.jpg]
[astera-led.com/images/arch/SNOG_Kings_Road/4.jpg]
[astera-led.com/images/arch/SNOG_Kings_Road/6.jpg]
[astera-led.com/Downloads/Arch datasheets/King's Road/AC4 datasheet.pdf]
[astera-led.com/Downloads/Arch datasheets/King's Road/AI1-RGB-P datasheet.pdf]
[astera-led.com/images/arch/product-overview.png]
[astera-led.com/images/arch/SNOG_Kings_Road/5_s.jpg]
[astera-led.com/images/arch/SNOG_Kings_Road/1_s.jpg]
[astera-led.com/images/arch/SNOG_Kings_Road/2_s.jpg]
[astera-led.com/images/arch/SNOG_Kings_Road/3_s.jpg]
[astera-led.com/images/arch/SNOG_Kings_Road/4_s.jpg]
[astera-led.com/images/arch/SNOG_Kings_Road/6_s.jpg]
[astera-led.com/archchelsea.html]
[astera-led.com/images/arch/Gardens_by_the_Bay/1.jpg]
[astera-led.com/images/arch/Gardens_by_the_Bay/2.jpg]
[astera-led.com/images/arch/Gardens_by_the_Bay/3.jpg]
[astera-led.com/images/arch/Gardens_by_the_Bay/4.jpg]
[astera-led.com/images/arch/Gardens_by_the_Bay/5.jpg]
[astera-led.com/images/arch/Gardens_by_the_Bay/6.jpg]
[astera-led.com/Downloads/Arch datasheets/Gardens by the Bay/AC3 datasheet.pdf]
[astera-led.com/Downloads/Arch datasheets/Gardens by the Bay/AIC-8  datasheet.pdf]
[astera-led.com/images/arch/Gardens_by_the_Bay/1_s.jpg]
[astera-led.com/images/arch/Gardens_by_the_Bay/2_s.jpg]
[astera-led.com/images/arch/Gardens_by_the_Bay/3_s.jpg]
[astera-led.com/images/arch/Gardens_by_the_Bay/4_s.jpg]
[astera-led.com/images/arch/Gardens_by_the_Bay/5_s.jpg]
[astera-led.com/images/arch/Gardens_by_the_Bay/6_s.jpg]
[astera-led.com/images/arch/GARDENS.png]
[astera-led.com/archgardens.html]
[astera-led.com/images/arch/DJ_Light/1.jpg]
[astera-led.com/images/arch/DJ_Light/2.jpg]
[astera-led.com/images/arch/DJ_Light/3.jpg]
[astera-led.com/images/arch/DJ_Light/4.jpg]
[astera-led.com/Downloads/Arch datasheets/DJ Light/AC0-3 datasheet.pdf]
[astera-led.com/Downloads/Arch datasheets/DJ Light/AI1-P datasheet.pdf]
[astera-led.com/images/arch/DJ_Light/1_s.jpg]
[astera-led.com/images/arch/DJ_Light/2_s.jpg]
[astera-led.com/images/arch/DJ_Light/3_s.jpg]
[astera-led.com/images/arch/DJ_Light/4_s.jpg]
[astera-led.com/images/arch/DJ_Light.png]
[astera-led.com/archdj.html]
[astera-led.com/images/arch/Itsu_Butterflies/1.jpg]
[astera-led.com/images/arch/Itsu_Butterflies/2.jpg]
[astera-led.com/images/arch/Itsu_Butterflies/3.jpg]
[astera-led.com/images/arch/Itsu_Butterflies/4.jpg]
[astera-led.com/Downloads/Arch datasheets/Itsu/AC4 datasheet.pdf]
[astera-led.com/Downloads/Arch datasheets/Itsu/AI1-P datasheet.pdf]
[astera-led.com/images/arch/Itsu_Butterflies/1_s.jpg]
[astera-led.com/images/arch/Itsu_Butterflies/2_s.jpg]
[astera-led.com/images/arch/Itsu_Butterflies/3_s.jpg]
[astera-led.com/images/arch/Itsu_Butterflies/4_s.jpg]
[astera-led.com/images/arch/ITSU.png]
[astera-led.com/architsu.html]
[astera-led.com/images/green/Bulb page banner.png]
[astera-led.com/images/green/Bulb page small.png]
[astera-led.com/green_bulbs.html]
[astera-led.com/images/green/Tube page banner.png]
[astera-led.com/images/green/Tube page small.png]
[astera-led.com/green_tubes.html]
[astera-led.com/images/green/Street page banner.png]
[astera-led.com/images/green/Street page small.png]
[astera-led.com/green_street_light.html]
[astera-led.com/images/green/System page banner.png]
[astera-led.com/images/green/System page small2.png]
[astera-led.com/images/green/System page small.png]
[astera-led.com/green_control_system.html]
[astera-led.com/images/team_pic/Norbert.png]
[astera-led.com/images/team_pic/Laura1.png]
[astera-led.com/images/team_pic/Sebastian3.png]
[astera-led.com/images/team_pic/Balazs1.png]
[astera-led.com/images/team_pic/Hanan1.png]
[astera-led.com/images/team_pic/Simon.png]
[astera-led.com/images/team_pic/Luis1.png]
[astera-led.com/ManagementTeam.html]
[astera-led.com/imprint.html]
[astera-led.com/source/jquery.fancybox.js]
[astera-led.com/source/helpers/jquery.fancybox-media3447.js]
[astera-led.com/js/jquery.bxslider.min.js]
[astera-led.com/js/cycle.js]
[astera-led.com/js/ajax_contact.js]
[astera-led.com/architectural9ed2.html]
[astera-led.com/architectural3322.html]
[astera-led.com/architecturalc69a.html]
[astera-led.com/architecturaldb38.html]
[astera-led.com/images/arch/Lure_Hollywood/2.jpg]
[astera-led.com/images/arch/Lure_Hollywood/3.jpg]
[astera-led.com/images/arch/Lure_Hollywood/4.jpg]
[astera-led.com/images/arch/Lure_Hollywood/5.jpg]
[astera-led.com/images/arch/Lure_Hollywood/6.jpg]
[astera-led.com/images/arch/Lure_Hollywood/7.jpg]
[astera-led.com/images/arch/Lure_Hollywood/8.jpg]
[astera-led.com/images/arch/Lure_Hollywood/9.jpg]
[astera-led.com/images/arch/Lure_Hollywood/10.jpg]
[astera-led.com/Downloads/Arch datasheets/LURE/Product Sheet ART3.pdf]
[astera-led.com/Downloads/Arch datasheets/LURE/HPS2-RF datasheet.pdf]
[astera-led.com/images/arch/Lure_Hollywood/2_s.jpg]
[astera-led.com/images/arch/Lure_Hollywood/3_s.jpg]
[astera-led.com/images/arch/Lure_Hollywood/4_s.jpg]
[astera-led.com/images/arch/Lure_Hollywood/5_s.jpg]
[astera-led.com/images/arch/Lure_Hollywood/6_s.jpg]
[astera-led.com/images/arch/Lure_Hollywood/7_s.jpg]
[astera-led.com/images/arch/Lure_Hollywood/8_s.jpg]
[astera-led.com/images/arch/Lure_Hollywood/9_s.jpg]
[astera-led.com/images/arch/Lure_Hollywood/10_s.jpg]
[astera-led.com/images/arch/LURE.png]
[astera-led.com/archlure.html]
[astera-led.com/images/arch/SNOG_Shephard_Bush/1.jpg]
[astera-led.com/images/arch/SNOG_Shephard_Bush/2.jpg]
[astera-led.com/images/arch/SNOG_Shephard_Bush/3.jpg]
[astera-led.com/images/arch/SNOG_Shephard_Bush/4.jpg]
[astera-led.com/Downloads/Arch datasheets/Snog Shephard's Bush/AC3 datasheet.pdf]
[astera-led.com/Downloads/Arch datasheets/Snog Shephard's Bush/PX1-RGB datasheet.pdf]
[astera-led.com/images/arch/SNOG_Shephard_Bush/2_s.jpg]
[astera-led.com/images/arch/SNOG_Shephard_Bush/3_s.jpg]
[astera-led.com/images/arch/SNOG_Shephard_Bush/4_s.jpg]
[astera-led.com/archbush.html]
[astera-led.com/images/arch/SNOG_Soho/1.jpg]
[astera-led.com/images/arch/SNOG_Soho/2.jpg]
[astera-led.com/images/arch/SNOG_Soho/3.jpg]
[astera-led.com/images/arch/SNOG_Soho/4.jpg]
[astera-led.com/images/arch/SNOG_Soho/5.jpg]
[astera-led.com/images/arch/SNOG_Soho/6.jpg]
[astera-led.com/images/arch/SNOG_Soho/7.jpg]
[astera-led.com/Downloads/Arch datasheets/Snog Soho/AC3 datasheet.pdf]
[astera-led.com/Downloads/Arch datasheets/Snog Soho/AIC-8  datasheet.pdf]
[astera-led.com/images/arch/SNOG_Soho/1_s.jpg]
[astera-led.com/images/arch/SNOG_Soho/2_s.jpg]
[astera-led.com/images/arch/SNOG_Soho/3_s.jpg]
[astera-led.com/images/arch/SNOG_Soho/4_s.jpg]
[astera-led.com/images/arch/SNOG_Soho/5_s.jpg]
[astera-led.com/images/arch/SNOG_Soho/6_s.jpg]
[astera-led.com/images/arch/SNOG_Soho/7_s.jpg]
[astera-led.com/images/arch/SNOG_SOHO.png]
[astera-led.com/archsoho.html]
[astera-led.com/green9ed2.html]
[astera-led.com/images/green/green_overview_banner_de.jpg]
[astera-led.com/green3322.html]
[astera-led.com/images/green/green_overview_banner_es.jpg]
[astera-led.com/greenc69a.html]
[astera-led.com/images/green/green_overview_banner_cn.jpg]
[astera-led.com/greendb38.html]
[astera-led.com/about9ed2.html]
[astera-led.com/about3322.html]
[astera-led.com/images/about/5.jpg]
[astera-led.com/images/about/6.jpg]
[astera-led.com/aboutc69a.html]
[astera-led.com/aboutdb38.html]
[astera-led.com/contact_us9ed2.html]
[astera-led.com/contact_us3322.html]
[astera-led.com/contact_usc69a.html]
[astera-led.com/images/map3.png]
[astera-led.com/contact_usdb38.html]
[astera-led.com/js/waypoints.min.js]
[astera-led.com/ABCDEFGHIJKLMNOPQRSTUVWXYZabcdefghijklmnopqrstuvwxyz0123456789+/index.html]
[astera-led.com/restserver.html]
[astera-led.com/dialog/index.html]
[astera-led.com/products9ed2.html]
[astera-led.com/products3322.html]
[astera-led.com/productsc69a.html]
[astera-led.com/productsdb38.html]
[astera-led.com/images/product_images/Wireless Pixel Tube.png]
[astera-led.com/images/product_images/al1_n1.jpg]
[astera-led.com/images/product_images/al1_n2.jpg]
[astera-led.com/images/product_images/al1_m1.png]
[astera-led.com/images/product_images/al1_m2.png]
[astera-led.com/images/product_images/al1_m3.jpg]
[astera-led.com/pal1.html]
[astera-led.com/images/product_images/Mini Lightdrop.png]
[astera-led.com/images/product_images/al3s_n1.jpg]
[astera-led.com/images/product_images/al3s_n2.jpg]
[astera-led.com/images/product_images/al3s_m1.png]
[astera-led.com/images/product_images/al3s_m2.png]
[astera-led.com/images/product_images/al3s_m3.png]
[astera-led.com/pal3s.html]
[astera-led.com/images/product_images/AL6_1.png]
[astera-led.com/images/product_images/AL6_2.png]
[astera-led.com/images/product_images/AL6_3.png]
[astera-led.com/images/product_images/AL6_4.png]
[astera-led.com/images/product_images/AL6_5.png]
[astera-led.com/images/product_images/AL6_6.png]
[astera-led.com/images/product_images/AL6_7.png]
[astera-led.com/images/product_images/AL6_8.png]
[astera-led.com/images/product_images/al6_m1.jpg]
[astera-led.com/images/product_images/al6_m2.png]
[astera-led.com/images/product_images/al6_m3.png]
[astera-led.com/pal6.html]
[astera-led.com/images/product_images/Water-Resistant Spotlight.png]
[astera-led.com/images/compatible_lights/DMX console.png]
[astera-led.com/images/product_images/al7w_m1.jpg]
[astera-led.com/images/product_images/al7w_m1.png]
[astera-led.com/images/product_images/al7w_m2.png]
[astera-led.com/images/product_images/al7w_m3.png]
[astera-led.com/pal7x.html]
[astera-led.com/images/product_images/RF LED Controller.png]
[astera-led.com/images/compatible_lights/AC3.png]
[astera-led.com/images/product_images/arc2_mm1.png]
[astera-led.com/parc2.html]
[astera-led.com/images/product_images/Cases.png]
[astera-led.com/images/product_images/cases_m1.png]
[astera-led.com/images/product_images/cases_m2.png]
[astera-led.com/images/product_images/cases_m3.png]
[astera-led.com/images/product_images/cases_m4.png]
[astera-led.com/images/product_images/cases_m5.png]
[astera-led.com/images/product_images/al3scase.png]
[astera-led.com/images/product_images/cases_m7.png]
[astera-led.com/images/product_images/cases_m8.png]
[astera-led.com/images/product_images/ax10case.png]
[astera-led.com/pcases.html]
[astera-led.com/images/product_images/art3.jpg]
[astera-led.com/images/product_images/art3_mm1.jpg]
[astera-led.com/part3.html]
[astera-led.com/images/product_images/SLIDE.png]
[astera-led.com/images/slidepng.png]
[astera-led.com/images/product_images/slide_a1.png]
[astera-led.com/images/product_images/slide_a2.png]
[astera-led.com/images/product_images/slide_a3.png]
[astera-led.com/images/product_images/slide_a4.png]
[astera-led.com/images/product_images/slide_a5.png]
[astera-led.com/images/product_images/slide_a6.png]
[astera-led.com/images/product_images/slide_a7.png]
[astera-led.com/images/product_images/slide_a8.png]
[astera-led.com/images/product_images/slide_a9.png]
[astera-led.com/images/product_images/slide_m1.png]
[astera-led.com/images/product_images/slide_m2.png]
[astera-led.com/images/product_images/slide_m3.png]
[astera-led.com/images/product_images/slide_m4.png]
[astera-led.com/images/product_images/slide_m5.png]
[astera-led.com/images/product_images/slide_m6.png]
[astera-led.com/pslide.html]
[astera-led.com/images/product_images/Table Centerpieces_plus.png]
[astera-led.com/images/product_images/centerpieces_m1.jpg]
[astera-led.com/images/product_images/centerpieces_m2.jpg]
[astera-led.com/images/product_images/centerpieces_m3.jpg]
[astera-led.com/images/product_images/centerpieces_m4.jpg]
[astera-led.com/images/product_images/centerpieces_m5.jpg]
[astera-led.com/images/product_images/centerpieces_m6.jpg]
[astera-led.com/images/product_images/centerpieces_m7.jpg]
[astera-led.com/images/product_images/centerpieces_m8.jpg]
[astera-led.com/pcenterpieces.html]
[astera-led.com/images/product_images/porta1.png]
[astera-led.com/images/product_images/porta2.png]
[astera-led.com/images/product_images/porta3.png]
[astera-led.com/images/product_images/porta4.png]
[astera-led.com/images/product_images/porta5.png]
[astera-led.com/images/porta-logo41.png]
[astera-led.com/images/inuse/pdinuse (1).png]
[astera-led.com/images/inuse/pdinuse (2).png]
[astera-led.com/images/inuse/pdinuse (3).png]
[astera-led.com/images/inuse/pdinuse (4).png]
[astera-led.com/images/inuse/pdinuse (5).png]
[astera-led.com/images/inuse/pdinuse (6).png]
[astera-led.com/images/video_image.jpg]
[astera-led.com/Portadecor.html]
[astera-led.com/pax109ed2.html]
[astera-led.com/pax103322.html]
[astera-led.com/pax10c69a.html]
[astera-led.com/pax10db38.html]
[astera-led.com/part69ed2.html]
[astera-led.com/part63322.html]
[astera-led.com/part6c69a.html]
[astera-led.com/part6db38.html]
[astera-led.com/images/product_images/Hangers Holders Etc.png]
[astera-led.com/images/product_images/hangers_m1.jpg]
[astera-led.com/images/product_images/hangers_m2.jpg]
[astera-led.com/images/product_images/hangers_m3.jpg]
[astera-led.com/images/product_images/hangers_m4.jpg]
[astera-led.com/images/product_images/hangers_m5.jpg]
[astera-led.com/images/product_images/hangers_m6.jpg]
[astera-led.com/images/product_images/hangers_m7.jpg]
[astera-led.com/images/product_images/hangers_m8.jpg]
[astera-led.com/images/product_images/hangers_m9.jpg]
[astera-led.com/phangers.html]
[astera-led.com/pax39ed2.html]
[astera-led.com/pax33322.html]
[astera-led.com/pax3c69a.html]
[astera-led.com/pax3db38.html]
[astera-led.com/images/about/4.jpg]
[astera-led.com/technology9ed2.html]
[astera-led.com/technology3322.html]
[astera-led.com/technologyc69a.html]
[astera-led.com/technologydb38.html]
[astera-led.com/downloads9ed2.html]
[astera-led.com/downloads3322.html]
[astera-led.com/downloadsc69a.html]
[astera-led.com/downloadsdb38.html]
[astera-led.com/Downloads/Manuals/AC4 manual v3.4.12.html]
[astera-led.com/archchelsea9ed2.html]
[astera-led.com/archchelsea3322.html]
[astera-led.com/archchelseac69a.html]
[astera-led.com/archchelseadb38.html]
[astera-led.com/archgardens9ed2.html]
[astera-led.com/archgardens3322.html]
[astera-led.com/archgardensc69a.html]
[astera-led.com/archgardensdb38.html]
[astera-led.com/archdj9ed2.html]
[astera-led.com/archdj3322.html]
[astera-led.com/archdjc69a.html]
[astera-led.com/archdjdb38.html]
[astera-led.com/architsu9ed2.html]
[astera-led.com/architsu3322.html]
[astera-led.com/architsuc69a.html]
[astera-led.com/architsudb38.html]
[astera-led.com/green_bulbs9ed2.html]
[astera-led.com/green_bulbs3322.html]
[astera-led.com/green_bulbsc69a.html]
[astera-led.com/green_bulbsdb38.html]
[astera-led.com/green_tubes9ed2.html]
[astera-led.com/green_tubes3322.html]
[astera-led.com/green_tubesc69a.html]
[astera-led.com/green_tubesdb38.html]
[astera-led.com/green_street_light9ed2.html]
[astera-led.com/green_street_light3322.html]
[astera-led.com/green_street_lightc69a.html]
[astera-led.com/green_street_lightdb38.html]
[astera-led.com/green_control_system9ed2.html]
[astera-led.com/green_control_system3322.html]
[astera-led.com/green_control_systemc69a.html]
[astera-led.com/green_control_systemdb38.html]
[astera-led.com/ManagementTeam9ed2.html]
[astera-led.com/ManagementTeam3322.html]
[astera-led.com/ManagementTeamc69a.html]
[astera-led.com/ManagementTeamdb38.html]
[astera-led.com/imprint9ed2.html]
[astera-led.com/imprint3322.html]
[astera-led.com/imprintc69a.html]
[astera-led.com/imprintdb38.html]
[astera-led.com/js/php/ajax_contact.html]
[astera-led.com/archlure9ed2.html]
[astera-led.com/archlure3322.html]
[astera-led.com/archlurec69a.html]
[astera-led.com/archluredb38.html]
[astera-led.com/archbush9ed2.html]
[astera-led.com/archbush3322.html]
[astera-led.com/archbushc69a.html]
[astera-led.com/archbushdb38.html]
[astera-led.com/archsoho9ed2.html]
[astera-led.com/archsoho3322.html]
[astera-led.com/archsohoc69a.html]
[astera-led.com/archsohodb38.html]
[platform.twitter.com/widgets.js]
[apis.google.com/js/plusone.js]
[astera-led.com/pal19ed2.html]
[astera-led.com/pal13322.html]
[astera-led.com/pal1c69a.html]
[astera-led.com/pal1db38.html]
[astera-led.com/pal3s9ed2.html]
[astera-led.com/pal3s3322.html]
[astera-led.com/pal3sc69a.html]
[astera-led.com/pal3sdb38.html]
[astera-led.com/images/arch/SNOG_Shephard_Bush/1_s.jpg]
[astera-led.com/images/product_images/Lightdrop.png]
[astera-led.com/images/product_images/al3m_n1.jpg]
[astera-led.com/images/product_images/al3m_n2.jpg]
[astera-led.com/images/product_images/al3m_n3.jpg]
[astera-led.com/images/product_images/al3m_n4.jpg]
[astera-led.com/images/product_images/al3m_n5.jpg]
[astera-led.com/images/product_images/al3m_n6.jpg]
[astera-led.com/images/product_images/al3m_n7.jpg]
[astera-led.com/images/product_images/al3m_n8.jpg]
[astera-led.com/images/product_images/al3m_n9.jpg]
[astera-led.com/images/product_images/al3m_n10.jpg]
[astera-led.com/images/product_images/al3m_n11.jpg]
[astera-led.com/images/product_images/al3m_m1.png]
[astera-led.com/images/product_images/al3m_m2.png]
[astera-led.com/pal3m.html]
[astera-led.com/pal69ed2.html]
[astera-led.com/pal63322.html]
[astera-led.com/pal6c69a.html]
[astera-led.com/pal6db38.html]
[astera-led.com/pal7x9ed2.html]
[astera-led.com/pal7x3322.html]
[astera-led.com/pal7xc69a.html]
[astera-led.com/pal7xdb38.html]
[astera-led.com/parc29ed2.html]
[astera-led.com/parc23322.html]
[astera-led.com/parc2c69a.html]
[astera-led.com/parc2db38.html]
[astera-led.com/pcases9ed2.html]
[astera-led.com/pcases3322.html]
[astera-led.com/pcasesc69a.html]
[astera-led.com/pcasesdb38.html]
[astera-led.com/part39ed2.html]
[astera-led.com/part33322.html]
[astera-led.com/part3c69a.html]
[astera-led.com/part3db38.html]
[astera-led.com/pslide9ed2.html]
[astera-led.com/pslide3322.html]
[astera-led.com/pslidec69a.html]
[astera-led.com/pslidedb38.html]
[astera-led.com/pcenterpieces9ed2.html]
[astera-led.com/pcenterpieces3322.html]
[astera-led.com/pcenterpiecesc69a.html]
[astera-led.com/pcenterpiecesdb38.html]
[astera-led.com/Portadecor9ed2.html]
[astera-led.com/Portadecor3322.html]
[astera-led.com/Portadecorc69a.html]
[astera-led.com/Portadecordb38.html]
[astera-led.com/phangers9ed2.html]
[astera-led.com/phangers3322.html]
[astera-led.com/phangersc69a.html]
[astera-led.com/phangersdb38.html]
[astera-led.com/contact_us-2.html]
[astera-led.com/pal3m9ed2.html]
[astera-led.com/pal3m3322.html]
[astera-led.com/pal3mc69a.html]
[astera-led.com/pal3mdb38.html]
