[www.fluger.com/index.html]
[backblue.gif]
[fade.gif]
[index.html]
[www.fluger.com/img/fluger-screen.jpg]
[www.fluger.com/img/WebClip/fluger-design-144x144-pre.png]
[www.fluger.com/img/WebClip/fluger-design-114x114-pre.png]
[www.fluger.com/img/WebClip/fluger-design-72x72-preco.png]
[www.fluger.com/img/WebClip/fluger-design-57x57-preco.png]
[www.fluger.com/img/favicon.ico]
[www.fluger.com/js/html5shiv.min.js]
[www.fluger.com/js/jquery/jquery-1.9.1.min.js]
[www.fluger.com/js/image_preloader.js]
[www.fluger.com/css/style.css]
[www.fluger.com/img/carcass/tringle-top.png]
[www.fluger.com/img/carcass/tringle-large-top.png]
[www.fluger.com/img/carcass/photo-cam-mono.png]
[www.fluger.com/img/carcass/tringle-metal.png]
[www.fluger.com/img/mac-screen-1.jpg]
[www.fluger.com/img/ipad-screen.jpg]
[www.fluger.com/img/last-brand.jpg]
[www.fluger.com/img/headphones.png]
[www.fluger.com/img/carcass/metal-pattern.jpg]
[www.fluger.com/img/horisontal.jpg]
[www.fluger.com/img/wall/wall-11.jpg]
[www.fluger.com/img/photo-cam-2.png]
[www.fluger.com/img/earphones-horisontal.png]
[www.fluger.com/img/cup.png]
[www.fluger.com/img/mouse2.png]
[www.fluger.com/img/road-line.png]
[www.fluger.com/img/road-end.png]
[www.fluger.com/img/wall-2.jpg]
[www.fluger.com/img/inner-wall-2.jpg]
[www.fluger.com/img/wall-3.jpg]
[www.fluger.com/img/wall-4.jpg]
[www.fluger.com/img/wall-5.jpg]
[www.fluger.com/img/tablet.png]
[www.fluger.com/img/penal.png]
[www.fluger.com/img/book.png]
[www.fluger.com/img/room-3.jpg]
[www.fluger.com/img/room-4.jpg]
[www.fluger.com/img/bigben.png]
[www.fluger.com/img/socup.png]
[www.fluger.com/img/lines.png]
[www.fluger.com/img/opacity.png]
[www.fluger.com/img/ar-small.png]
[www.fluger.com/img/ar.png]
[www.fluger.com/img/close-window.png]
[www.fluger.com/img/home-blur.png]
[www.fluger.com/img/home-arrow-down.png]
[www.fluger.com/img/mac-new.png]
[www.fluger.com/img/new-cup.png]
[www.fluger.com/img/new-mouse.png]
[www.fluger.com/img/ipad-platform.png]
[www.fluger.com/img/red-ipad.png]
[www.fluger.com/img/ipad-arrow.png]
[www.fluger.com/img/new-penal.png]
[www.fluger.com/img/new-book.png]
[www.fluger.com/img/soc-red.png]
[www.fluger.com/img/spacer.png]
[www.fluger.com/img/close-pop-up.png]
[www.fluger.com/img/back.png]
[www.fluger.com/img/all-portfolio/layouts-img/bulova/bulova-top.jpg]
[www.fluger.com/img/all-portfolio/layouts-img/legend/legend-top.jpg]
[www.fluger.com/img/all-portfolio/layouts-img/chronograph/chronograph-top.jpg]
[www.fluger.com/img/all-portfolio/layouts-img/dalma/dalma-top.jpg]
[www.fluger.com/img/all-portfolio/layouts-img/cinecliq/cinecliq-top-1.jpg]
[www.fluger.com/img/all-portfolio/layouts-img/khloe/top.jpg]
[www.fluger.com/img/all-portfolio/layouts-img/samovar/top.jpg]
[www.fluger.com/img/all-portfolio/layouts-img/meliq/meliq-top.jpg]
[www.fluger.com/img/all-portfolio/layouts-img/persona/persona-top.jpg]
[www.fluger.com/img/all-portfolio/layouts-img/ucom/ucom-top.jpg]
[www.fluger.com/img/all-portfolio/layouts-img/yerevan/yerevan-top.jpg]
[www.fluger.com/img/all-portfolio/layouts-img/cc-apps/cc-apps-top.jpg]
[www.fluger.com/img/all-portfolio/layouts-img/cargo/cargo-top.jpg]
[www.fluger.com/img/all-portfolio/layouts-img/colossus/colossus-top.jpg]
[www.fluger.com/img/all-portfolio/layouts-img/posh/posh-top.jpg]
[www.fluger.com/img/book3d-m.png]
[www.google-analytics.com/analytics.js]
[www.fluger.com/index.html]
[www.fluger.com/img/fluger-screen.html]
[www.fluger.com/ribbons/awwwards_nominee_black_left.png]
[www.fluger.com/ribbons/awwwards_nominee_black_right.png]
[www.fluger.com/ribbons/awwwards_nominee_white_left.png]
[www.fluger.com/ribbons/awwwards_nominee_white_right.png]
[www.fluger.com/ribbons/awwwards_nominee_green_left.png]
[www.fluger.com/js/all-bottom.php]
[www.fluger.com/ribbons/awwwards_nominee_green_right.png]
[www.fluger.com/ribbons/awwwards_nominee_black_left2x.png]
[www.fluger.com/ribbons/awwwards_nominee_black_right2x.png]
[www.fluger.com/ribbons/awwwards_nominee_white_left2x.png]
[www.fluger.com/ribbons/awwwards_nominee_white_right2x.png]
[www.fluger.com/ribbons/awwwards_nominee_green_left2x.png]
[www.fluger.com/ribbons/awwwards_nominee_green_right2x.png]
[www.fluger.com/awwwards.css]
[www.fluger.com/img/rotator.png]
[www.fluger.com/img/vertical-2.jpg]
[www.fluger.com/img/mac.png]
[www.fluger.com/img/menu/menu.png]
[www.fluger.com/img/menu/line.png]
[www.fluger.com/img/horison-menu/dot.png]
[www.fluger.com/img/horison-menu/dot-current.png]
[www.fluger.com/img/horison-menu/horison.png]
[www.fluger.com/img/horison-menu/title.png]
[www.fluger.com/img/cat-title-1.png]
[www.fluger.com/img/gallery-2-line.png]
[www.fluger.com/img/gallery-3-title.png]
[www.fluger.com/img/gallery-3-line.png]
[www.fluger.com/img/all-works.png]
[www.fluger.com/img/arrrow.png]
[www.fluger.com/img/all-portfolio/layouts-img/fww/fww-top.jpg]
[www.fluger.com/img/all-portfolio/layouts-img/gluttony/gluttony-top.jpg]
[www.fluger.com/img/loader1.gif]
[www.fluger.com/img/all-portfolio/layouts-img/aerserv/aerserv-top.jpg]
[www.fluger.com/img/map.png]
[www.fluger.com/img/shadow-wall.png]
[www.fluger.com/img/bigben_reflection.png]
[www.fluger.com/img/vint-animate.png]
[www.fluger.com/img/vint-horisontal.png]
[www.fluger.com/img/fancybox_sprite.png]
[www.fluger.com/img/fancybox_loading.gif]
[www.fluger.com/img/blank.gif]
[www.fluger.com/img/fancybox_overlay.png]
[www.fluger.com/img/fancybox_sprite@2x.png]
[www.fluger.com/img/fancybox_loading@2x.gif]
[www.fluger.com/img/fancybox_buttons.png]
[www.fluger.com/css/fonts/museo/museosans_500-webfont.eot]
[www.fluger.com/css/fonts/museo/museosans_500_italic-webfont.eot]
[www.fluger.com/css/fonts/museo/museosans_700-webfont.eot]
[www.fluger.com/css/fonts/museo/museosans_900-webfont.eot]
[www.fluger.com/css/fonts/museo/museosans-100-webfont.eot]
[www.fluger.com/css/fonts/museo/museosans-100italic-webfont.eot]
[www.fluger.com/css/fonts/museo/museosans-300-webfont.eot]
[www.fluger.com/css/fonts/museo/museosans-300italic-webfont.eot]
[www.fluger.com/css/fonts/museo/museosans-700italic-webfont.eot]
[www.fluger.com/css/fonts/museo/museosans-900italic-webfont.eot]
[www.fluger.com/css/fonts/gotham/gotham-bold-webfont-40edd50b.eot]
[www.fluger.com/css/fonts/gotham/gotham-bold-webfont-40edd50bd41d.eot]
[www.fluger.com/css/fonts/gotham/gotham-bold-webfont-0a08cf1e.woff]
[www.fluger.com/css/fonts/gotham/gotham-bold-webfont-3c04e601.ttf]
[www.fluger.com/css/fonts/gotham/gotham-light-webfont-1b6837d4.eot]
[www.fluger.com/css/fonts/gotham/gotham-light-webfont-0c908025.woff]
[www.fluger.com/css/fonts/gotham/gotham-light-webfont-1b6837d4d41d.eot]
[www.fluger.com/css/fonts/gotham/gotham-light-webfont-909197cb.ttf]
[www.fluger.com/css/fonts/gotham/gotham-medium-webfont-52a4cb7d.eot]
[www.fluger.com/css/fonts/gotham/gotham-medium-webfont-52a4cb7dd41d.eot]
[www.fluger.com/css/fonts/gotham/gotham-medium-webfont-621a1662.woff]
[www.fluger.com/css/fonts/gotham/gotham-medium-webfont-94cff276.ttf]
[www.fluger.com/css/fonts/gotham/gotham-thin-webfont-ec6c7fdd.eot]
[www.fluger.com/css/fonts/gotham/gotham-thin-webfont-ec6c7fddd41d.eot]
[www.fluger.com/css/fonts/gotham/gotham-thin-webfont-a664458d.woff]
[www.fluger.com/css/fonts/gotham/gotham-thin-webfont-0ca969cc.ttf]
[www.fluger.com/css/fonts/gotham/gotham-black-webfont-bcf73cf2.eot]
[www.fluger.com/css/fonts/gotham/gotham-black-webfont-18b2d6ea.woff]
[www.fluger.com/css/fonts/gotham/gotham-black-webfont-bcf73cf2d41d.eot]
[www.fluger.com/css/fonts/gotham/gotham-black-webfont-44ac83db.ttf]
[www.fluger.com/css/fonts/gotham/gotham-ultra-webfont-194de9dc.eot]
[www.fluger.com/css/fonts/gotham/gotham-ultra-webfont-88fa003f.woff]
[www.fluger.com/css/fonts/gotham/gotham-ultra-webfont-739867bd.ttf]
[www.fluger.com/css/fonts/gotham/gotham-ultra-webfont-194de9dcd41d.eot]
[www.fluger.com/css/fonts/proxima/proximanova-regular-webfont.eot]
[www.fluger.com/css/fonts/proxima/proximanova-regular-webfont.woff]
[www.fluger.com/css/fonts/proxima/proximanova-regular-webfontd41d.eot]
[www.fluger.com/css/fonts/proxima/proximanova-regular-webfont.ttf]
[www.fluger.com/css/style.css]
[www.fluger.com/img/vint.svg]
[www.fluger.com/img/logo.svg]
[www.fluger.com/img/air-top.svg]
[www.fluger.com/img/tringle-top.svg]
[www.fluger.com/img/cloud-1.svg]
[www.fluger.com/img/cloud-2.svg]
[www.fluger.com/img/cloud-3.svg]
[www.fluger.com/img/pilot.svg]
[www.fluger.com/img/logo-on-menu.svg]
[www.fluger.com/img/horisontal-airplan.svg]
[www.fluger.com/img/view.svg]
[www.fluger.com/img/air-top-shadow.svg]
[www.fluger.com/img/FlugerVector.svg]
[www.fluger.com/img/facebook.svg]
[www.fluger.com/img/twitter.svg]
[www.fluger.com/img/rotator.html]
[www.fluger.com/img/vertical-2.html]
[www.fluger.com/img/mac.html]
[www.fluger.com/img/menu/menu.html]
[www.fluger.com/img/menu/line.html]
[www.fluger.com/img/horison-menu/dot.html]
[www.fluger.com/img/horison-menu/dot-current.html]
[www.fluger.com/img/horison-menu/horison.html]
[www.fluger.com/img/horison-menu/title.html]
[www.fluger.com/img/cat-title-1.html]
[www.fluger.com/img/gallery-2-line.html]
[www.fluger.com/img/gallery-3-title.html]
[www.fluger.com/img/gallery-3-line.html]
[www.fluger.com/img/all-works.html]
[www.fluger.com/img/arrrow.html]
[www.fluger.com/css/fonts/gotham/gotham-bold-webfont-73e330a0.svg]
[www.fluger.com/css/fonts/gotham/gotham-light-webfont-665e895b.svg]
[www.fluger.com/css/fonts/gotham/gotham-medium-webfont-3917b370.svg]
[www.fluger.com/css/fonts/gotham/gotham-thin-webfont-50f56d77.svg]
[www.fluger.com/css/fonts/gotham/gotham-black-webfont-2fb948e7.svg]
[www.fluger.com/css/fonts/gotham/gotham-ultra-webfont-077f6fc7.svg]
[www.fluger.com/css/fonts/proxima/proximanova-regular-webfont.svg]
