[gardenestudio.com.br/index.html]
[backblue.gif]
[fade.gif]
[index.html]
[gardenestudio.com.br/en.html]
[gardenestudio.com.br/apple-touch-icon-57x57.png]
[gardenestudio.com.br/apple-touch-icon-114x114.png]
[gardenestudio.com.br/apple-touch-icon-72x72.png]
[gardenestudio.com.br/apple-touch-icon-144x144.png]
[gardenestudio.com.br/apple-touch-icon-60x60.png]
[gardenestudio.com.br/apple-touch-icon-120x120.png]
[gardenestudio.com.br/apple-touch-icon-76x76.png]
[gardenestudio.com.br/apple-touch-icon-152x152.png]
[gardenestudio.com.br/favicon-196x196.png]
[gardenestudio.com.br/favicon-160x160.png]
[gardenestudio.com.br/favicon-96x96.png]
[gardenestudio.com.br/favicon-16x16.png]
[gardenestudio.com.br/favicon-32x32.png]
[gardenestudio.com.br/mstile-144x144.png]
[gardenestudio.com.br/css/maindc5c.css]
[gardenestudio.com.br/js/vendor/modernizr-2.6.2.min.js]
[gardenestudio.com.br/img/awwwards.svg]
[gardenestudio.com.br/img/cssdesignawards.svg]
[gardenestudio.com.br/img/onepagelove.svg]
[gardenestudio.com.br/img/codrops.svg]
[gardenestudio.com.br/img/videos/olimoveis.jpg]
[gardenestudio.com.br/img/videos/olimoveis.webm]
[gardenestudio.com.br/img/videos/olimoveis.mp4]
[gardenestudio.com.br/img/videos/panizzon.jpg]
[gardenestudio.com.br/img/videos/panizzon.webm]
[gardenestudio.com.br/img/videos/panizzon.mp4]
[gardenestudio.com.br/img/videos/1-ano.jpg]
[gardenestudio.com.br/img/videos/1-ano.webm]
[gardenestudio.com.br/img/videos/1-ano.mp4]
[gardenestudio.com.br/img/videos/toni.jpg]
[gardenestudio.com.br/img/videos/toni.webm]
[gardenestudio.com.br/img/videos/toni.mp4]
[gardenestudio.com.br/img/videos/toni-mobile.jpg]
[gardenestudio.com.br/img/videos/mega.jpg]
[gardenestudio.com.br/img/videos/mega.webm]
[gardenestudio.com.br/img/videos/mega.mp4]
[gardenestudio.com.br/img/videos/sitmed.jpg]
[gardenestudio.com.br/img/videos/sitmed.webm]
[gardenestudio.com.br/img/videos/sitmed.mp4]
[gardenestudio.com.br/img/clientes/olimoveis.svg]
[gardenestudio.com.br/img/clientes/sitmed.svg]
[gardenestudio.com.br/img/clientes/candoo.svg]
[gardenestudio.com.br/img/clientes/forbal.svg]
[gardenestudio.com.br/img/clientes/sala.svg]
[gardenestudio.com.br/img/clientes/panizzon.svg]
[gardenestudio.com.br/img/clientes/brogliato.svg]
[gardenestudio.com.br/img/social-facebook.svg]
[gardenestudio.com.br/img/social-twitter.svg]
[gardenestudio.com.br/img/social-behance.svg]
[ajax.googleapis.com/ajax/libs/jquery/1.10.2/jquery.min.js]
[gardenestudio.com.br/js/vendor/jquery-1.10.2.min.js]
[gardenestudio.com.br/js/vendor/jquery.transit.min.js]
[gardenestudio.com.br/js/vendor/prefixfree.min.js]
[gardenestudio.com.br/js/vendor/skrollr.min.js]
[gardenestudio.com.br/js/vendor/snap.svg-min.js]
[gardenestudio.com.br/js/vendor/inline-svg.js]
[gardenestudio.com.br/js/main.js]
[www.google-analytics.com/analytics.js]
[gardenestudio.com.br/index.html]
[gardenestudio.com.br/en.html]
[gardenestudio.com.br/img/social/garden-estudio.html]
[gardenestudio.com.br/img/losango99ba.svg]
[gardenestudio.com.br/img/garden-mobile-cover14a9.png]
[gardenestudio.com.br/css/maindc5c.css]
[gardenestudio.com.br/img/awwwards.svg]
[gardenestudio.com.br/img/cssdesignawards.svg]
[gardenestudio.com.br/img/onepagelove.svg]
[gardenestudio.com.br/img/codrops.svg]
[gardenestudio.com.br/img/clientes/olimoveis.svg]
[gardenestudio.com.br/img/clientes/sitmed.svg]
[gardenestudio.com.br/img/clientes/candoo.svg]
[gardenestudio.com.br/img/clientes/forbal.svg]
[gardenestudio.com.br/img/clientes/sala.svg]
[gardenestudio.com.br/img/clientes/panizzon.svg]
[gardenestudio.com.br/img/clientes/brogliato.svg]
[gardenestudio.com.br/img/social-facebook.svg]
[gardenestudio.com.br/img/social-twitter.svg]
[gardenestudio.com.br/img/social-behance.svg]
[gardenestudio.com.br/img/losango99ba.svg]
[gardenestudio.com.br/img/parallax-1/ripple.html]
