[ktj.in/index.html]
[backblue.gif]
[fade.gif]
[index.html]
[ktj.in/favicon.ico]
[www.google-analytics.com/analytics.js]
[code.jquery.com/jquery-1.7.1.min.js]
[ktj.in/static/js/jquery.js.pagespeed.jm.GHSJPiCHAi.js]
[ktj.in/static/js/jQueryRotate.js.pagespeed.jm.J_DRKQcKdO.js]
[ktj.in/static/js/jquery.nivo.slider.pack.js.pagespeed.jm.QcgUhAUHc5.js]
[ktj.in/static/js/jquery.form.js.pagespeed.jm.KPgX_MGoKl.js]
[ktj.in/static/js/jquery.easing.js.pagespeed.jm.A1dabUvSc4.js]
[ktj.in/static/js/jquery-ui.js.pagespeed.jm.Esaoe2Tl53.js]
[ktj.in/static/js/jquery.transit.js.pagespeed.jm.b0x-CK-uP8.js]
[ktj.in/static/js/jquery.scrollTo.js.pagespeed.jm.-alFfTAdvK.js]
[ktj.in/static/js/exhibitions.js.pagespeed.jm.FLlYQOCGmT.js]
[ktj.in/static/js/scripts.js]
[ktj.in/static/css/style.css]
[ktj.in/static/css/workshop.css+exhibitions.css.pagespeed.cc.UZqtUmk38i.css]
[ktj.in/static/newimages/xkgploading.png.pagespeed.ic.8_dfLMaycU.png]
[ktj.in/static/newimages/xunesco.png.pagespeed.ic.SBrUKK14ho.png]
[ktj.in/static/newimages/xtata.png.pagespeed.ic.EUKjk_8-bG.png]
[ktj.in/static/newimages/x5_a.png.pagespeed.ic.trm18BcLQs.png]
[ktj.in/static/newimages/xboeing.png.pagespeed.ic.eNagRhxRZm.png]
[ktj.in/static/newimages/xUHG.png.pagespeed.ic.unJLVEpK-9.png]
[ktj.in/feedback.17.delayed]
[ktj.in/feedback/index.html]
[ktj.in/static/img/xmyktj.png.pagespeed.ic.9iY8melxcd.png]
[ktj.in/static/newimages/x124.png.pagespeed.ic.Szv6iM05ph.png]
[ktj.in/static/newimages/xquora-b,aw.png.pagespeed.ic.cR2MFl7X9Y.png]
[ktj.in/static/newimages/xquora.png.pagespeed.ic.RUYW9mgb0u.png]
[ktj.in/static/img/xlogout.png.pagespeed.ic.mdxOP-l9V-.png]
[ktj.in/static/newimages/xban_acco.jpg.pagespeed.ic.zgbOeJzFjv.jpg]
[ktj.in/static/newimages/xban_racepulse.jpg.pagespeed.ic.fCGJs6EAlw.jpg]
[ktj.in/static/newimages/xban_deltasurge.jpg.pagespeed.ic.ztPx5mNrCZ.jpg]
[ktj.in/static/images/267x230x1.png.pagespeed.ic.CPCLXiZf3q.png]
[ktj.in/static/images/267x230x2.png.pagespeed.ic.vTLGCZCMDD.png]
[ktj.in/static/images/267x230x3.png.pagespeed.ic.kQeKgzz4tf.png]
[ktj.in/static/images/267x230x4.png.pagespeed.ic.S_zGqkp2QK.png]
[ktj.in/static/images/267x230x5.png.pagespeed.ic.N9QSono67O.png]
[ktj.in/static/images/267x230x6.png.pagespeed.ic.QGH9Q4vqxT.png]
[ktj.in/static/images/267x230x7.png.pagespeed.ic.kGsNG2l7F7.png]
[ktj.in/events/woodstock.html]
[ktj.in/events/forex.html]
[ktj.in/events/cmonopoly.html]
[ktj.in/events/relichunter.html]
[ktj.in/events/mathchallenge.html]
[ktj.in/events/excalibur.html]
[ktj.in/events/cryptex.html]
[ktj.in/events/mindsport.html]
[ktj.in/events/mobilewars.html]
[ktj.in/events/bizquiz.html]
[ktj.in/events/techquiz.html]
[ktj.in/events/asmesde.html]
[ktj.in/events/bplan.html]
[ktj.in/events/opensoft.html]
[ktj.in/events/eureka.html]
[ktj.in/events/soe.html]
[ktj.in/events/chemquest.html]
[ktj.in/events/circuitron.html]
[ktj.in/events/ecostasis.html]
[ktj.in/events/incosesec.html]
[ktj.in/events/buildindia.html]
[ktj.in/events/overnite.html]
[ktj.in/events/embetronix.html]
[ktj.in/events/anadigix.html]
[ktj.in/events/kryotech.html]
[ktj.in/events/inspiralon.html]
[ktj.in/events/canyonrush.html]
[ktj.in/events/tremors.html]
[ktj.in/events/transporter.html]
[ktj.in/events/geoaware.html]
[ktj.in/events/sudocode.html]
[ktj.in/events/racepulse.html]
[ktj.in/events/lawsofmotion.html]
[ktj.in/events/nightshift.html]
[ktj.in/events/deltasurge.html]
[ktj.in/events/verdict.html]
[ktj.in/events/nashify.html]
[ktj.in/events/mandate.html]
[ktj.in/events/innovision.html]
[ktj.in/events/audit.html]
[ktj.in/events/techquila.html]
[ktj.in/events/snappit.html]
[ktj.in/static/sponsors/2014/Nx100xtatasteel.png.pagespeed.ic.Opx5nKQwWx.png]
[ktj.in/events/idp.html]
[ktj.in/static/problems/ps_racepulse_ktj14.pdf]
[ktj.in/static/eventdocs/Race Pulse SubmissionAbstract.pdf]
[ktj.in/static/eventdocs/Specifications of the Model- Race Pulse.pdf]
[ktj.in/static/tutorials/tut_racepulse_ktj14.pdf]
[ktj.in/static/problems/ps_lom_ktj14.pdf]
[ktj.in/static/tutorials/tut_lom_ktj14.pdf]
[ktj.in/static/eventdocs/ktj14_LOM_resources.pdf]
[ktj.in/static/eventdocs/abstract_format_lom_ktj14.pdf]
[ktj.in/static/sponsors/2014/Nx60xbosch.png.pagespeed.ic.0LYLHyYRQA.png]
[ktj.in/static/sponsors/2014/Nx20xFinisar.png.pagespeed.ic.wm0xjst80H.png]
[ktj.in/static/problems/ps_deltasurge_ktj14.pdf]
[ktj.in/static/tutorials/tut_deltasurge_ktj14.pdf]
[ktj.in/static/sponsors/2014/Nx70xaccelerator.png.pagespeed.ic.ApKXgjM1qy.png]
[ktj.in/static/sponsors/2014/TotalStart.png.pagespeed.ce.YuxxXe4eaI.png]
[ktj.in/static/sponsors/2014/Nx60xhp.png.pagespeed.ic.Y3Y86Tc9MO.png]
[ktj.in/static/eventdocs/eureka_topics_ktj14.pdf]
[ktj.in/static/sponsors/2014/xSOE_final.jpg.pagespeed.ic.xqk4vOQm6P.jpg]
[ktj.in/static/sponsors/2014/Nx70xairbus.png.pagespeed.ic.DtVjS1BngV.png]
[ktj.in/www.airbus.com/indexd41d.html]
[ktj.in/static/problems/ps_chemquest_ktj14.pdf]
[ktj.in/static/problems/ps_circuitron_ktj14.pdf]
[ktj.in/static/problems/Ecostasis_Annexure_ktj14.pdf]
[ktj.in/static/problems/Ecostasis_Case Study_ktj14.pdf]
[ktj.in/static/problems/ps_incose_ktj14.pdf]
[ktj.in/static/eventdocs/incose_se_handbook.pdf]
[ktj.in/static/img/xbuilt,P20india.jpg.pagespeed.ic.r5GTQyVc3v.jpg]
[ktj.in/static/sponsors/2014/Nx60xACC.png.pagespeed.ic.vrEEpmX8LH.png]
[ktj.in/static/problems/ps_buildindia_ktj14.pdf]
[ktj.in/static/sponsors/2014/Nx70xOIL.png.pagespeed.ic.iJanPpK0XF.png]
[ktj.in/static/sponsors/2014/mobile_wars14.png.pagespeed.ce.QKK834pUxy.png]
[ktj.in/excalibur/index.html]
[ktj.in/static/tutorials/tut_IDP_ktj14.pdf]
[ktj.in/cryptex/index.html]
[ktj.in/static/sponsors/2014/Nx70xNorton.png.pagespeed.ic.ZMOjvOWc9S.png]
[ktj.in/mindsport/index.html]
[ktj.in/static/sponsors/2014/Nx60xphilips.png.pagespeed.ic.bed8M808HJ.png]
[ktj.in/static/sponsors/2014/Nx70xipsacademy.png.pagespeed.ic.3m8ZD9aU6Y.png]
[ktj.in/www.ipsacademy.org/indexd41d.html]
[ktj.in/static/eventdocs/rules_verdict_ktj14.pdf]
[ktj.in/static/problems/ps_verdict_ktj14.pdf]
[ktj.in/static/sponsors/2014/Nx30xENLk.png.pagespeed.ic.rdB1czcaL8.png]
[ktj.in/static/problems/ps_mandate_ktj14.pdf]
[ktj.in/static/problems/ps_innovision_ktj14.pdf]
[ktj.in/static/problems/ps_audit_ktj14.pdf]
[ktj.in/static/eventdocs/Audit_Data.xlsx]
[ktj.in/static/sponsors/2014/HAL.png.pagespeed.ce.sTacMZmoKQ.png]
[ktj.in/static/problems/ps_embetronix_ktj14.pdf]
[ktj.in/static/tutorials/tut_embetronix_ktj14.pdf]
[ktj.in/static/problems/ps_Kryotech_ktj14.pdf]
[ktj.in/static/eventdocs/Kryotech_IND_Calcutta_IWEC_stat.html]
[ktj.in/static/tutorials/tut_kryotech_ktj14.pdf]
[ktj.in/static/img/megashows/xback.png.pagespeed.ic.cB_UXJFMN3.png]
[ktj.in/static/img/megashows/xcircle1.png.pagespeed.ic.UE75ISkGpx.png]
[ktj.in/static/img/megashows/xtri1.png.pagespeed.ic.0AXkxYASiG.png]
[ktj.in/static/img/exhibitions/xexhi_bkg.jpg.pagespeed.ic.0Cj4gcd5W6.jpg]
[ktj.in/static/img/exhibitions/nations/us.jpg.pagespeed.ce.ngkxhPqBoE.jpg]
[ktj.in/static/img/exhibitions/xbrain.jpg.pagespeed.ic.76J2kb_XzI.jpg]
[ktj.in/static/img/exhibitions/xface.jpg.pagespeed.ic.UM9wyFKN38.jpg]
[ktj.in/static/img/exhibitions/xminiature.jpg.pagespeed.ic.Om5ZyGTLRK.jpg]
[ktj.in/static/img/exhibitions/xtouch.jpg.pagespeed.ic.bQjzpzH0ZS.jpg]
[ktj.in/static/img/exhibitions/xgangam.jpg.pagespeed.ic.1M_QQGYffn.jpg]
[ktj.in/static/img/exhibitions/xtalking.jpg.pagespeed.ic.Ucu3aL4hr0.jpg]
[ktj.in/static/img/exhibitions/xpaper.jpg.pagespeed.ic.cKpv7ueXN8.jpg]
[ktj.in/static/img/exhibitions/xswarm.jpg.pagespeed.ic.Dh3G92Ai07.jpg]
[ktj.in/static/img/workshops/2014/nvdia.jpg]
[ktj.in/static/img/workshops/2014/mozilla.jpg]
[ktj.in/static/img/workshops/2014/technophilia.jpg]
[ktj.in/static/img/workshops/2014/green.jpg]
[ktj.in/static/img/workshops/2014/rupee.jpg]
[ktj.in/static/img/workshops/2014/public_finance.jpg]
[ktj.in/static/img/workshops/2014/semiconductors.jpg]
[ktj.in/static/img/workshops/2014/asd.jpg]
[www.mscsoftware.com/sites/default/files/msc_logo_srdc_rgb.png]
[ktj.in/static/img/workshops/2014/x1.png.pagespeed.ic.BVqM4FpICp.png]
[ktj.in/static/img/workshops/2014/73x50x1.png.pagespeed.ic.BVqM4FpICp.png]
[ktj.in/static/img/workshops/2014/99x91x6.png.pagespeed.ic.Cun6l6gR88.png]
[ktj.in/static/img/workshops/2014/90x65x3.png.pagespeed.ic.Nx5pf7vYQB.png]
[ktj.in/static/img/workshops/2014/50x50x2.png.pagespeed.ic.2HU_h3SQii.png]
[ktj.in/static/img/workshops/2014/60x40x8.png.pagespeed.ic.vcGNqHv2lM.png]
[ktj.in/static/img/workshops/2014/50x70x4.png.pagespeed.ic.MVRumQme-h.png]
[ktj.in/static/img/workshops/2014/125x70x10.png.pagespeed.ic.CJgHuh-JZb.png]
[ktj.in/static/img/workshops/2014/60x50x9.png.pagespeed.ic.BBnFTUzzaA.png]
[ktj.in/static/img/workshops/2014/80x80x5.png.pagespeed.ic.iTmFrY77Zb.png]
[ktj.in/static/img/workshops/2014/60x50x7.png.pagespeed.ic.iFCyj0XlPi.png]
[ktj.in/static/img/workshops/2014/150x120xwork.png.pagespeed.ic.F4mcK87e7l.png]
[ktj.in/home]
[ktj.in/events.html]
[ktj.in/sponsors.html]
[ktj.in/exhibitions.html]
[ktj.in/workshops.html]
[ktj.in/megashows.html]
[ktj.in/guests.html]
[ktj.in/contacts.html]
[ktj.in/index.html]
[code.jquery.com/jquery-1.7.1.min.js]
[ktj.in/static/img/update2.png]
[ktj.in/static/images/loading.gif]
[ktj.in/static/css/css/mplus-1c.ttf]
[ktj.in/static/css/style.css]
[ktj.in/static/css/static/img/megashows/back.jpg]
[ktj.in/static/css/workshop.css+exhibitions.css.pagespeed.cc.UZqtUmk38i.css]
[ktj.in/static/newimages/4.html]
[ktj.in/feedback/index.html]
[ktj.in/static/newimages/6.html]
[ktj.in/static/newimages/7.html]
[ktj.in/static/newimages/8.html]
[ktj.in/static/newimages/9.html]
[ktj.in/static/newimages/10.html]
[ktj.in/static/newimages/11.html]
[ktj.in/static/newimages/12.html]
[ktj.in/static/newimages/14.html]
[ktj.in/static/newimages/15.html]
[ktj.in/static/newimages/16.html]
[ktj.in/static/newimages/17.html]
[ktj.in/static/newimages/18.html]
[ktj.in/static/newimages/23.html]
[ktj.in/static/newimages/28.html]
[ktj.in/static/newimages/41.html]
[ktj.in/static/newimages/42.html]
[ktj.in/static/newimages/43.html]
[ktj.in/static/newimages/44.html]
[ktj.in/static/newimages/45.html]
[ktj.in/static/newimages/46.html]
[ktj.in/static/newimages/47.html]
[ktj.in/static/newimages/48.html]
[ktj.in/static/newimages/50.html]
[ktj.in/static/newimages/49.html]
[ktj.in/static/css/A.style.css.pagespeed.cf.UOg0tx-ZdT.css]
[ktj.in/static/css/A.workshop.css+exhibitions.css,Mcc.UZqtUmk38i.css.pagespeed.cf.l2hiPSYHPx.css]
[ktj.in/events/static/images/1.png]
[ktj.in/events/static/images/2.png]
[ktj.in/events/static/images/3.png]
[ktj.in/events/static/images/4.png]
[ktj.in/events/static/images/5.png]
[ktj.in/events/static/images/6.png]
[ktj.in/events/static/images/7.png]
[ktj.in/events/www.airbus.com/indexd41d.html]
[ktj.in/events/www.ipsacademy.org/indexd41d.html]
[ktj.in/events/static/img/megashows/circle1.e9.delayed]
[ktj.in/events/static/img/megashows/tri1.png]
[ktj.in/events/woodstock.html]
[ktj.in/events/forex.html]
[ktj.in/events/cmonopoly.html]
[ktj.in/events/relichunter.html]
[ktj.in/events/mathchallenge.html]
[ktj.in/events/excalibur.html]
[ktj.in/events/cryptex.html]
[ktj.in/events/mindsport.html]
[ktj.in/static/sponsors/2014/mobile_wars14.png]
[ktj.in/events/mobilewars.html]
[ktj.in/events/bizquiz.html]
[ktj.in/events/techquiz.html]
[ktj.in/events/asmesde.html]
[ktj.in/events/bplan.html]
[ktj.in/events/opensoft.html]
[ktj.in/events/eureka.html]
[ktj.in/static/sponsors/2014/SOE_final.jpg]
[ktj.in/events/soe.html]
[ktj.in/events/chemquest.html]
[ktj.in/events/circuitron.html]
[ktj.in/events/ecostasis.html]
[ktj.in/events/incosesec.html]
[ktj.in/static/img/built india.jpg]
[ktj.in/events/buildindia.html]
[ktj.in/events/overnite.html]
[ktj.in/events/embetronix.html]
[ktj.in/events/anadigix.html]
[ktj.in/events/kryotech.html]
[ktj.in/events/inspiralon.html]
[ktj.in/events/canyonrush.html]
[ktj.in/events/tremors.html]
[ktj.in/events/transporter.html]
[ktj.in/events/geoaware.html]
[ktj.in/events/sudocode.html]
[ktj.in/events/racepulse.html]
[ktj.in/events/lawsofmotion.html]
[ktj.in/events/nightshift.html]
[ktj.in/events/deltasurge.html]
[ktj.in/events/verdict.html]
[ktj.in/events/nashify.html]
[ktj.in/events/mandate.html]
[ktj.in/events/innovision.html]
[ktj.in/events/audit.html]
[ktj.in/events/techquila.html]
[ktj.in/events/snappit.html]
[ktj.in/events/idp.html]
[ktj.in/www.airbus.com/indexd41d.html]
[ktj.in/excalibur/index.html]
[ktj.in/cryptex/index.html]
[ktj.in/mindsport/index.html]
[ktj.in/www.ipsacademy.org/indexd41d.html]
[ktj.in/static/eventdocs/Kryotech_IND_Calcutta_IWEC_stat.html]
[www.ccrane.com/images/medium/magnifying-glass.html]
[ktj.in/static/newimages/156.html]
[ktj.in/static/newimages/157.html]
[ktj.in/home.html]
[ktj.in/static/css/nivo-slider.css]
[ktj.in/static/js/jquery.countdown.js.pagespeed.jm.v3B5qNmrR8.js]
[ktj.in/static/js/jquery.typer.js.pagespeed.jm.Bnx9BSdLiQ.js]
[ktj.in/events.html]
[ktj.in/spons]
[ktj.in/sponsors.html]
[ktj.in/exhibitions.html]
[ktj.in/workshops.html]
[ktj.in/megashows.html]
[ktj.in/guests.html]
[ktj.in/contacts.html]
[ktj.in/static/newimages/158.html]
[ktj.in/static/css/Armata-Regular.html]
[ktj.in/static/newimages/100.html]
[ktj.in/static/newimages/102.html]
[ktj.in/static/newimages/103.html]
[ktj.in/static/newimages/104.html]
[ktj.in/static/newimages/105.html]
[ktj.in/static/newimages/107.html]
[ktj.in/static/newimages/109.html]
[ktj.in/static/newimages/110.html]
[ktj.in/static/newimages/111.html]
[ktj.in/static/newimages/113.html]
[ktj.in/static/newimages/117.html]
[ktj.in/static/images/loading.html]
[ktj.in/static/css/Walkway_UltraBold.html]
[ktj.in/static/css/css/mplus-1c.html]
[ktj.in/static/newimages/118.html]
[ktj.in/static/css/static/img/megashows/back.html]
[ktj.in/static/img/xupdate2.png.pagespeed.ic.rt53UEAy3U.png]
[ktj.in/static/css/A.style.css.pagespeed.cf.UOg0tx-ZdT.css]
[ktj.in/static/css/A.workshop.css+exhibitions.css,Mcc.UZqtUmk38i.css.pagespeed.cf.l2hiPSYHPx.css]
[ktj.in/events/static/images/1.html]
[ktj.in/events/static/images/2.html]
[ktj.in/events/static/images/3.html]
[ktj.in/events/static/images/4.html]
[ktj.in/events/static/images/5.html]
[ktj.in/events/static/images/6.html]
[ktj.in/events/static/images/7.html]
[ktj.in/events/www.airbus.com/indexd41d.html]
[ktj.in/events/www.ipsacademy.org/indexd41d.html]
[ktj.in/events/static/img/megashows/circle1.html]
[ktj.in/events/static/img/megashows/tri1.html]
[ktj.in/static/css/nivo-slider.css]
[ktj.in/spons.html]
[fbcdn-sphotos-a-a.akamaihd.net/hphotos-ak-ash4/995726_355628404563901_734572174_n.png]
[lh3.googleusercontent.com/-UEn3rCkCIKc/UoEZUitcnBI/AAAAAAAAB9Q/d1Fi_OI-YgE/w288-h97-no/boeing.png]
[lh6.googleusercontent.com/-l-9_6w-e8ds/Up7IGjd9euI/AAAAAAAACMQ/1K6oqhbgCvY/w180-h208-no/ge+logo.png]
[lh3.googleusercontent.com/-Kop3fhfG18s/UpsGGgnpp_I/AAAAAAAACLY/rrx4xkanCIc/w1044-h77-no/UHG_Logo_3.png]
[lh5.googleusercontent.com/-q920euEc9Fg/UnJLzpnlLeI/AAAAAAAAB0Y/qC6VKIAYWJs/w422-h255-no/lead_logo_blank.gif]
[lh4.googleusercontent.com/-LMGg_QOXK_A/UoOxwWwqL-I/AAAAAAAACDc/4fmNypdZ97s/w265-h175-no/incose.png]
[lh5.googleusercontent.com/-XouUabVptRE/UoTSb9406cI/AAAAAAAACFc/BejA2sYxehU/w1044-h522-no/BARCAP.png]
[lh3.googleusercontent.com/-oniw-rD-cDE/UoIsok-oYeI/AAAAAAAACBQ/yKsBFhso96Q/w551-h246-no/ARRKAY.png]
